Archive member included to satisfy reference by file (symbol)

../lib/linux/libPokittoCoreLin.a(PokittoPalette.o)
                              obj/Debug/POKITTO_CORE/PokittoDisplay.o (Pokitto::Display::loadRGBPalette(unsigned char const*))
../lib/linux/libPokittoCoreLin.a(SimLCD.o)
                              obj/Debug/POKITTO_CORE/PokittoDisplay.o (Pokitto::lcdInit())
/usr/lib/x86_64-linux-gnu/libc_nonshared.a(elf-init.oS)
                              /usr/lib/gcc/x86_64-linux-gnu/5/../../../x86_64-linux-gnu/crt1.o (__libc_csu_init)
/usr/lib/x86_64-linux-gnu/libc_nonshared.a(stat.oS)
                              obj/Debug/POKITTO_LIBS/FileIO/FileIO_SIM.o (stat)

As-needed library included to satisfy reference by file (symbol)

libSDL2-2.0.so.0              obj/Debug/POKITTO_SIM/PokittoSimulator.o (SDL_AddTimer)
libwayland-server.so.0        /usr/lib/x86_64-linux-gnu/libSDL2.so (wl_shell_interface)
libstdc++.so.6                obj/Debug/POKITTO_SIM/PokittoSimButtons.o (std::ios_base::Init::~Init()@@GLIBCXX_3.4)
libgcc_s.so.1                 obj/Debug/POKITTO_SIM/PokittoSimulator.o (_Unwind_Resume@@GCC_3.0)
libc.so.6                     obj/Debug/POKITTO_CORE/PokittoCore.o (strcpy@@GLIBC_2.2.5)

Discarded input sections

 .note.GNU-stack
                0x0000000000000000        0x0 /usr/lib/gcc/x86_64-linux-gnu/5/../../../x86_64-linux-gnu/crt1.o
 .note.GNU-stack
                0x0000000000000000        0x0 /usr/lib/gcc/x86_64-linux-gnu/5/../../../x86_64-linux-gnu/crti.o
 .note.GNU-stack
                0x0000000000000000        0x0 /usr/lib/gcc/x86_64-linux-gnu/5/crtbegin.o
 .note.GNU-stack
                0x0000000000000000        0x0 obj/Debug/POKITTO_CORE/PokittoCore.o
 .note.GNU-stack
                0x0000000000000000        0x0 obj/Debug/Hello.o
 .note.GNU-stack
                0x0000000000000000        0x0 obj/Debug/POKITTO_CORE/FONTS/adventurer12x16.o
 .note.GNU-stack
                0x0000000000000000        0x0 obj/Debug/POKITTO_CORE/FONTS/donut7x10.o
 .note.GNU-stack
                0x0000000000000000        0x0 obj/Debug/POKITTO_CORE/FONTS/dragon6x8.o
 .note.GNU-stack
                0x0000000000000000        0x0 obj/Debug/POKITTO_CORE/FONTS/font3x3.o
 .note.GNU-stack
                0x0000000000000000        0x0 obj/Debug/POKITTO_CORE/FONTS/font3x5.o
 .note.GNU-stack
                0x0000000000000000        0x0 obj/Debug/POKITTO_CORE/FONTS/font5x7.o
 .note.GNU-stack
                0x0000000000000000        0x0 obj/Debug/POKITTO_CORE/FONTS/karateka8x11.o
 .note.GNU-stack
                0x0000000000000000        0x0 obj/Debug/POKITTO_CORE/FONTS/koubit7x7.o
 .note.GNU-stack
                0x0000000000000000        0x0 obj/Debug/POKITTO_CORE/FONTS/mini4x6.o
 .note.GNU-stack
                0x0000000000000000        0x0 obj/Debug/POKITTO_CORE/FONTS/runes6x8.o
 .note.GNU-stack
                0x0000000000000000        0x0 obj/Debug/POKITTO_CORE/FONTS/tight4x7.o
 .note.GNU-stack
                0x0000000000000000        0x0 obj/Debug/POKITTO_CORE/FONTS/tiny5x7.o
 .note.GNU-stack
                0x0000000000000000        0x0 obj/Debug/POKITTO_CORE/PALETTES/palAction.o
 .note.GNU-stack
                0x0000000000000000        0x0 obj/Debug/POKITTO_CORE/PALETTES/palCGA.o
 .note.GNU-stack
                0x0000000000000000        0x0 obj/Debug/POKITTO_CORE/PALETTES/palDefault.o
 .note.GNU-stack
                0x0000000000000000        0x0 obj/Debug/POKITTO_CORE/PALETTES/palGameboy.o
 .note.GNU-stack
                0x0000000000000000        0x0 obj/Debug/POKITTO_CORE/PALETTES/palMagma.o
 .note.GNU-stack
                0x0000000000000000        0x0 obj/Debug/POKITTO_CORE/PALETTES/palMono.o
 .note.GNU-stack
                0x0000000000000000        0x0 obj/Debug/POKITTO_CORE/PALETTES/palPico.o
 .note.GNU-stack
                0x0000000000000000        0x0 obj/Debug/POKITTO_CORE/PALETTES/palRainbow.o
 .note.GNU-stack
                0x0000000000000000        0x0 obj/Debug/POKITTO_CORE/PokittoBacklight.o
 .note.GNU-stack
                0x0000000000000000        0x0 obj/Debug/POKITTO_CORE/PokittoBattery.o
 .note.GNU-stack
                0x0000000000000000        0x0 obj/Debug/POKITTO_CORE/PokittoButtons.o
 .note.GNU-stack
                0x0000000000000000        0x0 obj/Debug/POKITTO_CORE/PokittoDisplay.o
 .note.GNU-stack
                0x0000000000000000        0x0 obj/Debug/POKITTO_CORE/PokittoItoa.o
 .note.GNU-stack
                0x0000000000000000        0x0 obj/Debug/POKITTO_CORE/PokittoLogos.o
 .note.GNU-stack
                0x0000000000000000        0x0 obj/Debug/POKITTO_CORE/PokittoSound.o
 .note.GNU-stack
                0x0000000000000000        0x0 obj/Debug/POKITTO_LIBS/FileIO/FileIO_SIM.o
 .note.GNU-stack
                0x0000000000000000        0x0 obj/Debug/POKITTO_LIBS/Synth/Synth.o
 .note.GNU-stack
                0x0000000000000000        0x0 obj/Debug/POKITTO_LIBS/Synth/Synth_envfuncs.o
 .note.GNU-stack
[...]
Memory Configuration

Name             Origin             Length             Attributes
*default*        0x0000000000000000 0xffffffffffffffff

Linker script and memory map

LOAD /usr/lib/gcc/x86_64-linux-gnu/5/../../../x86_64-linux-gnu/crt1.o
LOAD /usr/lib/gcc/x86_64-linux-gnu/5/../../../x86_64-linux-gnu/crti.o
LOAD /usr/lib/gcc/x86_64-linux-gnu/5/crtbegin.o
LOAD obj/Debug/POKITTO_CORE/PokittoCore.o
LOAD obj/Debug/Hello.o
LOAD obj/Debug/POKITTO_CORE/FONTS/adventurer12x16.o
LOAD obj/Debug/POKITTO_CORE/FONTS/donut7x10.o
LOAD obj/Debug/POKITTO_CORE/FONTS/dragon6x8.o
LOAD obj/Debug/POKITTO_CORE/FONTS/font3x3.o
LOAD obj/Debug/POKITTO_CORE/FONTS/font3x5.o
LOAD obj/Debug/POKITTO_CORE/FONTS/font5x7.o
LOAD obj/Debug/POKITTO_CORE/FONTS/karateka8x11.o
LOAD obj/Debug/POKITTO_CORE/FONTS/koubit7x7.o
LOAD obj/Debug/POKITTO_CORE/FONTS/mini4x6.o
LOAD obj/Debug/POKITTO_CORE/FONTS/runes6x8.o
LOAD obj/Debug/POKITTO_CORE/FONTS/tight4x7.o
LOAD obj/Debug/POKITTO_CORE/FONTS/tiny5x7.o
LOAD obj/Debug/POKITTO_CORE/PALETTES/palAction.o
LOAD obj/Debug/POKITTO_CORE/PALETTES/palCGA.o
LOAD obj/Debug/POKITTO_CORE/PALETTES/palDefault.o
LOAD obj/Debug/POKITTO_CORE/PALETTES/palGameboy.o
LOAD obj/Debug/POKITTO_CORE/PALETTES/palMagma.o
LOAD obj/Debug/POKITTO_CORE/PALETTES/palMono.o
LOAD obj/Debug/POKITTO_CORE/PALETTES/palPico.o
LOAD obj/Debug/POKITTO_CORE/PALETTES/palRainbow.o
LOAD obj/Debug/POKITTO_CORE/PokittoBacklight.o
LOAD obj/Debug/POKITTO_CORE/PokittoBattery.o
LOAD obj/Debug/POKITTO_CORE/PokittoButtons.o
LOAD obj/Debug/POKITTO_CORE/PokittoDisplay.o
LOAD obj/Debug/POKITTO_CORE/PokittoItoa.o
LOAD obj/Debug/POKITTO_CORE/PokittoLogos.o
LOAD obj/Debug/POKITTO_CORE/PokittoSound.o
LOAD obj/Debug/POKITTO_LIBS/FileIO/FileIO_SIM.o
LOAD obj/Debug/POKITTO_LIBS/Synth/Synth.o
LOAD obj/Debug/POKITTO_LIBS/Synth/Synth_envfuncs.o
LOAD obj/Debug/POKITTO_LIBS/Synth/Synth_helpers.o
LOAD obj/Debug/POKITTO_LIBS/Synth/Synth_mixfuncs.o
LOAD obj/Debug/POKITTO_LIBS/Synth/Synth_oscfuncs.o
LOAD obj/Debug/POKITTO_LIBS/Synth/Synth_songfuncs.o
LOAD obj/Debug/POKITTO_LIBS/Synth/Synth_wavefuncs.o
LOAD obj/Debug/POKITTO_SIM/mbed_sim/mbed_sim.o
LOAD obj/Debug/POKITTO_SIM/PokittoClock.o
LOAD obj/Debug/POKITTO_SIM/PokittoSimButtons.o
LOAD obj/Debug/POKITTO_SIM/PokittoSimCore.o
LOAD obj/Debug/POKITTO_SIM/PokittoSimulator.o
LOAD obj/Debug/POKITTO_SIM/SimSound.o
LOAD obj/Debug/POKITTO_SIM/WriteWav.o
LOAD ../lib/linux/libPokittoCoreLin.a
LOAD /usr/lib/x86_64-linux-gnu/libpulse-mainloop-glib.so
LOAD /usr/lib/x86_64-linux-gnu/libpulse-simple.so
LOAD /usr/lib/x86_64-linux-gnu/libpulse.so
LOAD /usr/lib/x86_64-linux-gnu/libdl.so
LOAD /usr/lib/x86_64-linux-gnu/libSDL2.so
LOAD /usr/lib/x86_64-linux-gnu/libwayland-server.so
LOAD /usr/lib/x86_64-linux-gnu/libwayland-client.so
LOAD /usr/lib/x86_64-linux-gnu/libasound.so
LOAD /usr/lib/x86_64-linux-gnu/libwayland-cursor.so
LOAD /usr/lib/gcc/x86_64-linux-gnu/5/libstdc++.so
LOAD /usr/lib/gcc/x86_64-linux-gnu/5/../../../x86_64-linux-gnu/libm.so
START GROUP
LOAD /lib/x86_64-linux-gnu/libm.so.6
LOAD /usr/lib/x86_64-linux-gnu/libmvec_nonshared.a
LOAD /lib/x86_64-linux-gnu/libmvec.so.1
END GROUP
LOAD /usr/lib/gcc/x86_64-linux-gnu/5/libgcc_s.so
LOAD /usr/lib/gcc/x86_64-linux-gnu/5/libgcc.a
LOAD /usr/lib/gcc/x86_64-linux-gnu/5/../../../x86_64-linux-gnu/libc.so
START GROUP
LOAD /lib/x86_64-linux-gnu/libc.so.6
LOAD /usr/lib/x86_64-linux-gnu/libc_nonshared.a
LOAD /lib/x86_64-linux-gnu/ld-linux-x86-64.so.2
END GROUP
LOAD /usr/lib/gcc/x86_64-linux-gnu/5/libgcc_s.so
LOAD /usr/lib/gcc/x86_64-linux-gnu/5/libgcc.a
LOAD /usr/lib/gcc/x86_64-linux-gnu/5/crtend.o
LOAD /usr/lib/gcc/x86_64-linux-gnu/5/../../../x86_64-linux-gnu/crtn.o
                [!provide]                        PROVIDE (__executable_start, 0x400000)
                0x0000000000400238                . = (0x400000 + SIZEOF_HEADERS)

.interp         0x0000000000400238       0x1c
 *(.interp)
 .interp        0x0000000000400238       0x1c /usr/lib/gcc/x86_64-linux-gnu/5/../../../x86_64-linux-gnu/crt1.o

.note.ABI-tag   0x0000000000400254       0x20
 .note.ABI-tag  0x0000000000400254       0x20 /usr/lib/gcc/x86_64-linux-gnu/5/../../../x86_64-linux-gnu/crt1.o

.note.gnu.build-id
                0x0000000000400274       0x24
 *(.note.gnu.build-id)
 .note.gnu.build-id
                0x0000000000400274       0x24 /usr/lib/gcc/x86_64-linux-gnu/5/../../../x86_64-linux-gnu/crt1.o

.hash
 *(.hash)

.gnu.hash       0x0000000000400298       0x50
 *(.gnu.hash)
 .gnu.hash      0x0000000000400298       0x50 /usr/lib/gcc/x86_64-linux-gnu/5/../../../x86_64-linux-gnu/crt1.o

.dynsym         0x00000000004002e8      0x738
 *(.dynsym)
 .dynsym        0x00000000004002e8      0x738 /usr/lib/gcc/x86_64-linux-gnu/5/../../../x86_64-linux-gnu/crt1.o

.dynstr         0x0000000000400a20      0x615
 *(.dynstr)
 .dynstr        0x0000000000400a20      0x615 /usr/lib/gcc/x86_64-linux-gnu/5/../../../x86_64-linux-gnu/crt1.o

.gnu.version    0x0000000000401036       0x9a
 *(.gnu.version)
 .gnu.version   0x0000000000401036       0x9a /usr/lib/gcc/x86_64-linux-gnu/5/../../../x86_64-linux-gnu/crt1.o

.gnu.version_d  0x00000000004010d0        0x0
 *(.gnu.version_d)
 .gnu.version_d
                0x00000000004010d0        0x0 /usr/lib/gcc/x86_64-linux-gnu/5/../../../x86_64-linux-gnu/crt1.o

.gnu.version_r  0x00000000004010d0       0x90
 *(.gnu.version_r)
 .gnu.version_r
                0x00000000004010d0       0x90 /usr/lib/gcc/x86_64-linux-gnu/5/../../../x86_64-linux-gnu/crt1.o

.rela.dyn       0x0000000000401160       0x48
 *(.rela.init)
 *(.rela.text .rela.text.* .rela.gnu.linkonce.t.*)
 .rela.text     0x0000000000401160        0x0 /usr/lib/gcc/x86_64-linux-gnu/5/../../../x86_64-linux-gnu/crt1.o
 *(.rela.fini)
 *(.rela.rodata .rela.rodata.* .rela.gnu.linkonce.r.*)
 *(.rela.data .rela.data.* .rela.gnu.linkonce.d.*)
 *(.rela.tdata .rela.tdata.* .rela.gnu.linkonce.td.*)
 *(.rela.tbss .rela.tbss.* .rela.gnu.linkonce.tb.*)
 *(.rela.ctors)
 *(.rela.dtors)
 *(.rela.got)
 .rela.got      0x0000000000401160       0x18 /usr/lib/gcc/x86_64-linux-gnu/5/../../../x86_64-linux-gnu/crt1.o
 *(.rela.bss .rela.bss.* .rela.gnu.linkonce.b.*)
 .rela.bss      0x0000000000401178       0x30 /usr/lib/gcc/x86_64-linux-gnu/5/../../../x86_64-linux-gnu/crt1.o
 *(.rela.ldata .rela.ldata.* .rela.gnu.linkonce.l.*)
 *(.rela.lbss .rela.lbss.* .rela.gnu.linkonce.lb.*)
 *(.rela.lrodata .rela.lrodata.* .rela.gnu.linkonce.lr.*)
 *(.rela.ifunc)
 .rela.eh_frame
                0x00000000004011a8        0x0 /usr/lib/gcc/x86_64-linux-gnu/5/../../../x86_64-linux-gnu/crt1.o

.rela.plt       0x00000000004011a8      0x600
 *(.rela.plt)
 .rela.plt      0x00000000004011a8      0x600 /usr/lib/gcc/x86_64-linux-gnu/5/../../../x86_64-linux-gnu/crt1.o
                [!provide]                        PROVIDE (__rela_iplt_start, .)
 *(.rela.iplt)
 .rela.iplt     0x00000000004017a8        0x0 /usr/lib/gcc/x86_64-linux-gnu/5/../../../x86_64-linux-gnu/crt1.o
                [!provide]                        PROVIDE (__rela_iplt_end, .)

.init           0x00000000004017a8       0x1a
 *(SORT(.init))
 .init          0x00000000004017a8       0x15 /usr/lib/gcc/x86_64-linux-gnu/5/../../../x86_64-linux-gnu/crti.o
                0x00000000004017a8                _init
 .init          0x00000000004017bd        0x5 /usr/lib/gcc/x86_64-linux-gnu/5/../../../x86_64-linux-gnu/crtn.o

.plt            0x00000000004017d0      0x410
 *(.plt)
 .plt           0x00000000004017d0      0x410 /usr/lib/gcc/x86_64-linux-gnu/5/../../../x86_64-linux-gnu/crt1.o
                0x00000000004017e0                ftell@@GLIBC_2.2.5
                0x00000000004017f0                SDL_DestroyWindow
                0x0000000000401800                SDL_CreateRenderer
                0x0000000000401810                __errno_location@@GLIBC_2.2.5
                0x0000000000401820                printf@@GLIBC_2.2.5
                0x0000000000401830                SDL_CreateWindow
                0x0000000000401840                SDL_Quit
                0x0000000000401850                SDL_RenderPresent
                0x0000000000401860                std::basic_istream<char, std::char_traits<char> >& std::getline<char, std::char_traits<char>, std::allocator<char> >(std::basic_istream<char, std::char_traits<char> >&, std::__cxx11::basic_string<char, std::char_traits<char>, std::allocator<char> >&)@@GLIBCXX_3.4.21
                0x0000000000401870                SDL_AddTimer
                0x0000000000401880                std::__cxx11::basic_ostringstream<char, std::char_traits<char>, std::allocator<char> >::~basic_ostringstream()@@GLIBCXX_3.4.21
                0x0000000000401890                rand@@GLIBC_2.2.5
                0x00000000004018a0                SDL_memset
                0x00000000004018b0                strlen@@GLIBC_2.2.5
                0x00000000004018c0                std::basic_ostream<char, std::char_traits<char> >& std::endl<char, std::char_traits<char> >(std::basic_ostream<char, std::char_traits<char> >&)@@GLIBCXX_3.4
                0x00000000004018d0                memset@@GLIBC_2.2.5
                0x00000000004018e0                SDL_PollEvent
                0x00000000004018f0                std::__cxx11::basic_string<char, std::char_traits<char>, std::allocator<char> >::~basic_string()@@GLIBCXX_3.4.21
                0x0000000000401900                SDL_Delay
                0x0000000000401910                SDL_GetError
                0x0000000000401920                SDL_UpdateTexture
                0x0000000000401930                SDL_PauseAudio
                0x0000000000401940                std::__cxx11::basic_ostringstream<char, std::char_traits<char>, std::allocator<char> >::basic_ostringstream(std::_Ios_Openmode)@@GLIBCXX_3.4.21
                0x0000000000401950                __cxa_atexit@@GLIBC_2.2.5
                0x0000000000401960                SDL_Init
                0x0000000000401970                SDL_InitSubSystem
                0x0000000000401980                time@@GLIBC_2.2.5
                0x0000000000401990                strcpy@@GLIBC_2.2.5
                0x00000000004019a0                SDL_RenderClear
                0x00000000004019b0                srand@@GLIBC_2.2.5
                0x00000000004019c0                std::basic_ostream<char, std::char_traits<char> >& std::operator<< <std::char_traits<char> >(std::basic_ostream<char, std::char_traits<char> >&, char const*)@@GLIBCXX_3.4
                0x00000000004019d0                fclose@@GLIBC_2.2.5
                0x00000000004019e0                __xstat@@GLIBC_2.2.5
                0x00000000004019f0                SDL_GetTicks
                0x0000000000401a00                std::ostream::operator<<(std::ostream& (*)(std::ostream&))@@GLIBCXX_3.4
                0x0000000000401a10                strrchr@@GLIBC_2.2.5
                0x0000000000401a20                fseek@@GLIBC_2.2.5
                0x0000000000401a30                __stack_chk_fail@@GLIBC_2.4
                0x0000000000401a40                SDL_RenderCopy
                0x0000000000401a50                fopen@@GLIBC_2.2.5
                0x0000000000401a60                free@@GLIBC_2.2.5
                0x0000000000401a70                exit@@GLIBC_2.2.5
                0x0000000000401a80                SDL_OpenAudioDevice
                0x0000000000401a90                fputc@@GLIBC_2.2.5
                0x0000000000401aa0                std::basic_ios<char, std::char_traits<char> >::operator bool() const@@GLIBCXX_3.4.21
                0x0000000000401ab0                SDL_PauseAudioDevice
                0x0000000000401ac0                std::__cxx11::basic_string<char, std::char_traits<char>, std::allocator<char> >::basic_string()@@GLIBCXX_3.4.21
                0x0000000000401ad0                strcmp@@GLIBC_2.2.5
                0x0000000000401ae0                fread@@GLIBC_2.2.5
                0x0000000000401af0                std::__cxx11::basic_string<char, std::char_traits<char>, std::allocator<char> >::length() const@@GLIBCXX_3.4.21
                0x0000000000401b00                opendir@@GLIBC_2.2.5
                0x0000000000401b10                readdir@@GLIBC_2.2.5
                0x0000000000401b20                std::ios_base::Init::Init()@@GLIBCXX_3.4
                0x0000000000401b30                puts@@GLIBC_2.2.5
                0x0000000000401b40                fgetc@@GLIBC_2.2.5
                0x0000000000401b50                closedir@@GLIBC_2.2.5
                0x0000000000401b60                __gxx_personality_v0@@CXXABI_1.3
                0x0000000000401b70                _Unwind_Resume@@GCC_3.0
                0x0000000000401b80                strcat@@GLIBC_2.2.5
                0x0000000000401b90                SDL_CreateTexture
                0x0000000000401ba0                __libc_start_main@@GLIBC_2.2.5
                0x0000000000401bb0                fwrite@@GLIBC_2.2.5
                0x0000000000401bc0                std::__cxx11::basic_string<char, std::char_traits<char>, std::allocator<char> >::operator[](unsigned long)@@GLIBCXX_3.4.21
                0x0000000000401bd0                std::ios_base::Init::~Init()@@GLIBCXX_3.4
 *(.iplt)
 .iplt          0x0000000000401be0        0x0 /usr/lib/gcc/x86_64-linux-gnu/5/../../../x86_64-linux-gnu/crt1.o

.plt.got        0x0000000000401be0        0x8
 *(.plt.got)
 .plt.got       0x0000000000401be0        0x8 /usr/lib/gcc/x86_64-linux-gnu/5/../../../x86_64-linux-gnu/crt1.o

.plt.bnd
 *(.plt.bnd)

.text           0x0000000000401bf0     0xde10
 *(.text.unlikely .text.*_unlikely .text.unlikely.*)
 .text.unlikely
                0x0000000000401bf0        0x0 /usr/lib/gcc/x86_64-linux-gnu/5/crtbegin.o
 .text.unlikely
                0x0000000000401bf0        0x0 /usr/lib/x86_64-linux-gnu/libc_nonshared.a(elf-init.oS)
 .text.unlikely
                0x0000000000401bf0        0x0 /usr/lib/x86_64-linux-gnu/libc_nonshared.a(stat.oS)
 *(.text.exit .text.exit.*)
 *(.text.startup .text.startup.*)
 *(.text.hot .text.hot.*)
 *(.text .stub .text.* .gnu.linkonce.t.*)
 .text          0x0000000000401bf0       0x2a /usr/lib/gcc/x86_64-linux-gnu/5/../../../x86_64-linux-gnu/crt1.o
                0x0000000000401bf0                _start
 .text          0x0000000000401c1a        0x0 /usr/lib/gcc/x86_64-linux-gnu/5/../../../x86_64-linux-gnu/crti.o
 *fill*         0x0000000000401c1a        0x6 
 .text          0x0000000000401c20       0xc6 /usr/lib/gcc/x86_64-linux-gnu/5/crtbegin.o
 .text          0x0000000000401ce6     0x18ad obj/Debug/POKITTO_CORE/PokittoCore.o
                0x0000000000401ce6                random(int)
                0x0000000000401d02                random(int, int)
                0x0000000000401d2c                Pokitto::Core::Core()
                0x0000000000401d2c                Pokitto::Core::Core()
                0x0000000000401d38                Pokitto::Core::begin()
                0x0000000000401d8a                Pokitto::Core::init()
                0x0000000000401dc0                Pokitto::Core::init(unsigned char)
                0x0000000000401e00                Pokitto::Core::initButtons()
                0x0000000000401e08                Pokitto::Core::isRunning()
                0x0000000000401e26                Pokitto::Core::initDisplay()
                0x0000000000401e32                Pokitto::Core::showLogo()
                0x0000000000401fc2                Pokitto::Core::readSettings()
                0x0000000000401fde                Pokitto::Core::titleScreen(char const*)
                0x0000000000401ffe                Pokitto::Core::titleScreen(unsigned char const*)
                0x000000000040201e                Pokitto::Core::titleScreen()
                0x0000000000402030                Pokitto::Core::titleScreen(char const*, unsigned char const*)
                0x0000000000402264                Pokitto::Core::update()
                0x000000000040231c                Pokitto::Core::displayBattery()
                0x000000000040245e                Pokitto::Core::filemenu(char*)
                0x00000000004027bc                Pokitto::Core::filemenu()
                0x00000000004027cc                Pokitto::Core::menu(char const* const*, unsigned char)
                0x0000000000402a7c                Pokitto::Core::keyboard(char*, unsigned char)
                0x0000000000403094                Pokitto::Core::popup(char const*, unsigned char)
                0x00000000004030bc                Pokitto::Core::updatePopup()
                0x00000000004031d8                Pokitto::Core::setFrameRate(unsigned char)
                0x000000000040323e                Pokitto::Core::pickRandomSeed()
                0x000000000040324a                Pokitto::Core::collidePointRect(short, short, short, short, short, short)
                0x00000000004032b2                Pokitto::Core::collideRectRect(short, short, short, short, short, short, short, short)
                0x0000000000403342                Pokitto::Core::collideBitmapBitmap(short, short, unsigned char const*, short, short, unsigned char const*)
 .text          0x0000000000403593       0x6d obj/Debug/Hello.o
                0x0000000000403593                main
 .text          0x0000000000403600        0x0 obj/Debug/POKITTO_CORE/FONTS/adventurer12x16.o
 .text          0x0000000000403600        0x0 obj/Debug/POKITTO_CORE/FONTS/donut7x10.o
 .text          0x0000000000403600        0x0 obj/Debug/POKITTO_CORE/FONTS/dragon6x8.o
 .text          0x0000000000403600        0x0 obj/Debug/POKITTO_CORE/FONTS/font3x3.o
 .text          0x0000000000403600        0x0 obj/Debug/POKITTO_CORE/FONTS/font3x5.o
 .text          0x0000000000403600        0x0 obj/Debug/POKITTO_CORE/FONTS/font5x7.o
 .text          0x0000000000403600        0x0 obj/Debug/POKITTO_CORE/FONTS/karateka8x11.o
 .text          0x0000000000403600        0x0 obj/Debug/POKITTO_CORE/FONTS/koubit7x7.o
 .text          0x0000000000403600        0x0 obj/Debug/POKITTO_CORE/FONTS/mini4x6.o
 .text          0x0000000000403600        0x0 obj/Debug/POKITTO_CORE/FONTS/runes6x8.o
 .text          0x0000000000403600        0x0 obj/Debug/POKITTO_CORE/FONTS/tight4x7.o
 .text          0x0000000000403600        0x0 obj/Debug/POKITTO_CORE/FONTS/tiny5x7.o
 .text          0x0000000000403600        0x0 obj/Debug/POKITTO_CORE/PALETTES/palAction.o
 .text          0x0000000000403600        0x0 obj/Debug/POKITTO_CORE/PALETTES/palCGA.o
 .text          0x0000000000403600        0x0 obj/Debug/POKITTO_CORE/PALETTES/palDefault.o
 .text          0x0000000000403600        0x0 obj/Debug/POKITTO_CORE/PALETTES/palGameboy.o
 .text          0x0000000000403600        0x0 obj/Debug/POKITTO_CORE/PALETTES/palMagma.o
 .text          0x0000000000403600        0x0 obj/Debug/POKITTO_CORE/PALETTES/palMono.o
 .text          0x0000000000403600        0x0 obj/Debug/POKITTO_CORE/PALETTES/palPico.o
 .text          0x0000000000403600        0x0 obj/Debug/POKITTO_CORE/PALETTES/palRainbow.o
 .text          0x0000000000403600       0x1b obj/Debug/POKITTO_CORE/PokittoBacklight.o
                0x0000000000403600                Pokitto::Backlight::begin()
                0x0000000000403608                Pokitto::Backlight::set(unsigned char)
                0x0000000000403614                Pokitto::Backlight::update()
 *fill*         0x000000000040361b        0x1 
 .text          0x000000000040361c       0x16 obj/Debug/POKITTO_CORE/PokittoBattery.o
                0x000000000040361c                Pokitto::Battery::begin()
                0x0000000000403624                Pokitto::Battery::update()
 .text          0x0000000000403632      0x285 obj/Debug/POKITTO_CORE/PokittoButtons.o
                0x0000000000403632                Pokitto::Buttons::begin()
                0x000000000040363a                Pokitto::Buttons::update()
                0x000000000040372a                Pokitto::Buttons::pressed(unsigned char)
                0x0000000000403752                Pokitto::Buttons::released(unsigned char)
                0x000000000040377a                Pokitto::Buttons::held(unsigned char, unsigned char)
                0x00000000004037b2                Pokitto::Buttons::repeat(unsigned char, unsigned char)
                0x0000000000403828                Pokitto::Buttons::timeHeld(unsigned char)
                0x0000000000403858                Pokitto::Buttons::pollButtons()
                0x0000000000403864                Pokitto::Buttons::aBtn()
                0x0000000000403870                Pokitto::Buttons::bBtn()
                0x000000000040387c                Pokitto::Buttons::cBtn()
                0x0000000000403888                Pokitto::Buttons::leftBtn()
                0x0000000000403894                Pokitto::Buttons::rightBtn()
                0x00000000004038a0                Pokitto::Buttons::upBtn()
                0x00000000004038ac                Pokitto::Buttons::downBtn()
 *fill*         0x00000000004038b7        0x1 
 .text          0x00000000004038b8     0x4d4c obj/Debug/POKITTO_CORE/PokittoDisplay.o
                0x00000000004038b8                Pokitto::Display::Display()
                0x00000000004038b8                Pokitto::Display::Display()
                0x0000000000403914                Pokitto::Display::getWidth()
                0x0000000000403924                Pokitto::Display::getNumberOfColors()
                0x0000000000403930                Pokitto::Display::getHeight()
                0x0000000000403940                Pokitto::Display::getColorDepth()
                0x000000000040394e                Pokitto::Display::setColorDepth(unsigned char)
                0x000000000040396e                Pokitto::Display::clearLCD()
                0x000000000040398e                Pokitto::Display::fillLCD(unsigned short)
                0x00000000004039aa                Pokitto::Display::directPixel(short, short, unsigned short)
                0x00000000004039da                Pokitto::Display::directRectangle(short, short, short, short, unsigned short)
                0x0000000000403a1c                Pokitto::Display::begin()
                0x0000000000403a28                Pokitto::Display::setCursor(short, short)
                0x0000000000403a52                Pokitto::Display::update()
                0x0000000000403a82                Pokitto::Display::directBitmap(short, short, unsigned char const*, unsigned char, unsigned char)
                0x0000000000403e26                Pokitto::Display::directChar(short, short, unsigned short)
                0x0000000000403fca                Pokitto::Display::bufferChar(short, short, unsigned short)
                0x000000000040415a                Pokitto::Display::clear()
                0x0000000000404214                Pokitto::Display::fillScreen(unsigned short)
                0x00000000004042b6                Pokitto::Display::setDefaultPalette()
                0x00000000004042c8                Pokitto::Display::setColor(unsigned char)
                0x00000000004042e2                Pokitto::Display::setColor(unsigned char, unsigned char)
                0x0000000000404310                Pokitto::Display::setInvisibleColor(unsigned short)
                0x0000000000404328                Pokitto::Display::getColor()
                0x0000000000404336                Pokitto::Display::getBgColor()
                0x0000000000404344                Pokitto::Display::getInvisibleColor()
                0x0000000000404352                Pokitto::Display::drawPixel(short, short, unsigned char)
                0x000000000040447c                Pokitto::Display::drawPixel(short, short)
                0x0000000000404592                Pokitto::Display::getPixel(short, short)
                0x000000000040464c                Pokitto::Display::drawLine(short, short, short, short)
                0x000000000040488c                Pokitto::Display::clipLine(short*, short*, short*, short*)
                0x0000000000404c02                Pokitto::Display::map1BitColumn(short, short, short, unsigned char const*, unsigned short)
                0x0000000000404dd2                Pokitto::Display::drawColumn(short, short, short)
                0x0000000000404e72                Pokitto::Display::drawRow(short, short, short)
                0x0000000000404f10                Pokitto::Display::drawFastVLine(short, short, short)
                0x0000000000404f68                Pokitto::Display::drawFastHLine(short, short, short)
                0x0000000000404fc4                Pokitto::Display::drawRectangle(short, short, short, short)
                0x000000000040506a                Pokitto::Display::fillRectangle(short, short, short, short)
                0x00000000004051a8                Pokitto::Display::fillRect(short, short, short, short)
                0x00000000004051dc                Pokitto::Display::drawRect(short, short, short, short)
                0x0000000000405210                Pokitto::Display::drawCircle(short, short, short)
                0x0000000000405444                Pokitto::Display::drawCircleHelper(short, short, short, unsigned short)
                0x0000000000405642                Pokitto::Display::fillCircle(short, short, short)
                0x00000000004056a0                Pokitto::Display::fillCircleHelper(short, short, short, unsigned short, short)
                0x0000000000405846                Pokitto::Display::drawRoundRect(short, short, short, short, short)
                0x0000000000405a0e                Pokitto::Display::fillRoundRect(short, short, short, short, short)
                0x0000000000405b08                Pokitto::Display::drawTriangle(short, short, short, short, short, short)
                0x0000000000405b76                Pokitto::Display::fillTriangle(short, short, short, short, short, short)
                0x0000000000405efe                Pokitto::Display::setFont(unsigned char const*)
                0x0000000000405f3e                Pokitto::Display::drawMonoBitmap(short, short, unsigned char const*, unsigned char)
                0x0000000000406290                Pokitto::Display::drawBitmap(short, short, unsigned char const*, unsigned char)
                0x0000000000406944                Pokitto::Display::drawBitmap(short, short, unsigned char const*)
                0x0000000000406fd0                Pokitto::Display::drawBitmapXFlipped(short, short, unsigned char const*)
                0x000000000040767e                Pokitto::Display::drawBitmap(short, short, unsigned char const*, unsigned char, unsigned char)
                0x00000000004076d2                Pokitto::Display::getBuffer()
                0x00000000004076e0                Pokitto::Display::getBitmapPixel(unsigned char const*, unsigned short, unsigned short)
                0x000000000040774c                Pokitto::Display::print_char(unsigned char, unsigned char, unsigned char)
                0x00000000004077ac                Pokitto::Display::drawChar(signed char, signed char, unsigned char, unsigned char)
                0x00000000004077e2                Pokitto::Display::enableDirectPrinting(unsigned char)
                0x0000000000407832                Pokitto::Display::write(unsigned char)
                0x000000000040799e                Pokitto::Display::inc_txtline()
                0x0000000000407a00                Pokitto::Display::write(char const*)
                0x0000000000407a36                Pokitto::Display::write(unsigned char const*, unsigned char)
                0x0000000000407a78                Pokitto::Display::print(char const*)
                0x0000000000407a94                Pokitto::Display::print(char, int)
                0x0000000000407aba                Pokitto::Display::print(unsigned char, int)
                0x0000000000407ade                Pokitto::Display::print(int, int)
                0x0000000000407b02                Pokitto::Display::print(unsigned int, int)
                0x0000000000407b24                Pokitto::Display::print(long, int)
                0x0000000000407b94                Pokitto::Display::print(unsigned long, int)
                0x0000000000407bd0                Pokitto::Display::print(double, int)
                0x0000000000407bfe                Pokitto::Display::println()
                0x0000000000407c24                Pokitto::Display::println(char const*)
                0x0000000000407c44                Pokitto::Display::println(char, int)
                0x0000000000407c6c                Pokitto::Display::println(unsigned char, int)
                0x0000000000407c94                Pokitto::Display::println(int, int)
                0x0000000000407cba                Pokitto::Display::println(unsigned int, int)
                0x0000000000407ce0                Pokitto::Display::println(long, int)
                0x0000000000407d08                Pokitto::Display::println(unsigned long, int)
                0x0000000000407d30                Pokitto::Display::println(double, int)
                0x0000000000407d60                Pokitto::Display::set_cursor(unsigned char, unsigned char)
                0x0000000000407d88                Pokitto::Display::print(unsigned char, unsigned char, char const*)
                0x0000000000407dc4                Pokitto::Display::print(unsigned char, unsigned char, char, int)
                0x0000000000407e08                Pokitto::Display::print(unsigned char, unsigned char, unsigned char, int)
                0x0000000000407e4a                Pokitto::Display::print(unsigned char, unsigned char, int, int)
                0x0000000000407e8c                Pokitto::Display::print(unsigned char, unsigned char, unsigned int, int)
                0x0000000000407ecc                Pokitto::Display::print(unsigned char, unsigned char, long, int)
                0x0000000000407f0e                Pokitto::Display::print(unsigned char, unsigned char, unsigned long, int)
                0x0000000000407f50                Pokitto::Display::print(unsigned char, unsigned char, double, int)
                0x0000000000407f9a                Pokitto::Display::println(unsigned char, unsigned char, char const*)
                0x0000000000407fda                Pokitto::Display::println(unsigned char, unsigned char, char, int)
                0x0000000000408020                Pokitto::Display::println(unsigned char, unsigned char, unsigned char, int)
                0x0000000000408066                Pokitto::Display::println(unsigned char, unsigned char, int, int)
                0x00000000004080aa                Pokitto::Display::println(unsigned char, unsigned char, unsigned int, int)
                0x00000000004080ee                Pokitto::Display::println(unsigned char, unsigned char, long, int)
                0x0000000000408136                Pokitto::Display::println(unsigned char, unsigned char, unsigned long, int)
                0x000000000040817e                Pokitto::Display::println(unsigned char, unsigned char, double, int)
                0x00000000004081ce                Pokitto::Display::printNumber(unsigned long, unsigned char)
                0x00000000004082ba                Pokitto::Display::printFloat(double, unsigned char)
                0x0000000000408454                Pokitto::Display::draw4BitColumn(short, short, unsigned char, unsigned char*)
                0x0000000000408568                Pokitto::Display::lcdRefresh(unsigned char*)
                0x000000000040858e                Pokitto::Display::setFrameBufferTo(unsigned char*)
                0x00000000004085a4                Pokitto::Display::setTileBufferTo(unsigned char*)
                0x00000000004085ba                Pokitto::Display::loadTileset(unsigned char const*)
                0x00000000004085d0                Pokitto::Display::setTile(unsigned short, unsigned char)
 .text          0x0000000000408604      0x3a3 obj/Debug/POKITTO_CORE/PokittoItoa.o
                0x0000000000408604                pokItoa(unsigned short, char*, int)
                0x000000000040894c                pokUtoa(unsigned short, char*, int)
                0x0000000000408979                pokLtoa(long, char*, int)
 .text          0x00000000004089a7        0x0 obj/Debug/POKITTO_CORE/PokittoLogos.o
 *fill*         0x00000000004089a7        0x1 
 .text          0x00000000004089a8      0x3d8 obj/Debug/POKITTO_CORE/PokittoSound.o
                0x00000000004089a8                Pokitto::audio_IRQ()
                0x00000000004089b0                Pokitto::Sound::updateStream()
                0x00000000004089b8                Pokitto::Sound::begin()
                0x00000000004089c4                Pokitto::Sound::playTrack(unsigned short const*, unsigned char)
                0x00000000004089d4                Pokitto::Sound::stopTrack(unsigned char)
                0x00000000004089e0                Pokitto::Sound::stopTrack()
                0x00000000004089e8                Pokitto::Sound::updateTrack(unsigned char)
                0x00000000004089f4                Pokitto::Sound::updateTrack()
                0x00000000004089fc                Pokitto::Sound::changePatternSet(unsigned short const* const*, unsigned char)
                0x0000000000408a0c                Pokitto::Sound::playPattern(unsigned short const*, unsigned char)
                0x0000000000408a1c                Pokitto::Sound::updatePattern()
                0x0000000000408a24                Pokitto::Sound::changeInstrumentSet(unsigned short const* const*, unsigned char)
                0x0000000000408a34                Pokitto::Sound::updatePattern(unsigned char)
                0x0000000000408a40                Pokitto::Sound::stopPattern(unsigned char)
                0x0000000000408a4c                Pokitto::Sound::stopPattern()
                0x0000000000408a54                Pokitto::Sound::command(unsigned char, unsigned char, signed char, unsigned char)
                0x0000000000408a6c                Pokitto::Sound::playNote(unsigned char, unsigned char, unsigned char)
                0x0000000000408a82                Pokitto::Sound::stopNote(unsigned char)
                0x0000000000408a8e                Pokitto::Sound::stopNote()
                0x0000000000408a96                Pokitto::Sound::updateNote()
                0x0000000000408a9e                Pokitto::Sound::updateNote(unsigned char)
                0x0000000000408aaa                Pokitto::Sound::setChannelHalfPeriod(unsigned char, unsigned char)
                0x0000000000408abc                Pokitto::Sound::generateOutput()
                0x0000000000408ac4                Pokitto::Sound::updateOutput()
                0x0000000000408acc                Pokitto::Sound::setPatternLooping(bool, unsigned char)
                0x0000000000408ade                Pokitto::Sound::playOK()
                0x0000000000408ae6                Pokitto::Sound::playCancel()
                0x0000000000408aee                Pokitto::Sound::playTick()
                0x0000000000408af6                Pokitto::Sound::setVolume(signed char)
                0x0000000000408b02                Pokitto::Sound::getVolume()
                0x0000000000408b0e                Pokitto::Sound::setVolume(signed char, unsigned char)
                0x0000000000408b20                Pokitto::Sound::getVolume(unsigned char)
                0x0000000000408b30                Pokitto::Sound::playTone(unsigned char, int, unsigned char, unsigned char, unsigned char)
                0x0000000000408c6a                Pokitto::Sound::playTone(unsigned char, unsigned short, unsigned char, unsigned int)
                0x0000000000408d10                Pokitto::Sound::ampIsOn()
                0x0000000000408d1c                Pokitto::Sound::ampEnable(unsigned char)
                0x0000000000408d38                Pokitto::Sound::playMusicStream(char*)
                0x0000000000408d58                Pokitto::Sound::playMusicStream()
                0x0000000000408d60                Pokitto::Sound::pauseMusicStream()
                0x0000000000408d6c                Pokitto::Sound::playMusicStream(char*, unsigned char)
 .text          0x0000000000408d80      0x9ef obj/Debug/POKITTO_LIBS/FileIO/FileIO_SIM.o
                0x000000000040928d                pokInitSD()
                0x00000000004092ae                getFileLength()
                0x00000000004092bb                fileOpen(char*, char)
                0x000000000040939e                getCurrentFileName()
                0x00000000004093a9                getNextFile(char*)
                0x0000000000409457                getNextFile()
                0x0000000000409467                getFirstFile(char*)
                0x0000000000409539                getFirstFile()
                0x0000000000409549                isThisFileOpen(char*)
                0x000000000040958f                fileOK()
                0x00000000004095ac                fileClose()
                0x00000000004095cd                fileGetChar()
                0x00000000004095e2                filePutChar(char)
                0x0000000000409607                fileWriteBytes(unsigned char*, unsigned short)
                0x0000000000409638                fileReadBytes(unsigned char*, unsigned short)
                0x0000000000409668                fileSeekAbsolute(long)
                0x0000000000409692                fileSeekRelative(long)
                0x00000000004096bc                fileRewind()
                0x00000000004096dc                fileEnd()
                0x00000000004096fc                fileGetPosition()
                0x0000000000409711                filePeek(long)
                0x000000000040973a                filePoke(long, unsigned char)
 .text          0x000000000040976f       0x68 obj/Debug/POKITTO_LIBS/Synth/Synth.o
 .text          0x00000000004097d7      0x1ac obj/Debug/POKITTO_LIBS/Synth/Synth_envfuncs.o
                0x00000000004097d7                noADSR(OSC*)
                0x00000000004097e2                attackFunc(OSC*)
                0x000000000040985c                decayFunc(OSC*)
                0x00000000004098c1                releaseFunc(OSC*)
 .text          0x0000000000409983      0x108 obj/Debug/POKITTO_LIBS/Synth/Synth_helpers.o
                0x0000000000409983                xorshift8()
                0x00000000004099e4                xorshift16()
                0x0000000000409a48                getNoteString(char*, unsigned char)
 .text          0x0000000000409a8b      0x6ab obj/Debug/POKITTO_LIBS/Synth/Synth_mixfuncs.o
                0x0000000000409a8b                mix1()
                0x0000000000409b40                mix2()
                0x0000000000409bf5                mix3()
                0x0000000000409caa                updateEnvelopes()
 .text          0x000000000040a136      0xbc4 obj/Debug/POKITTO_LIBS/Synth/Synth_oscfuncs.o
                0x000000000040a136                setOSC(OSC*, unsigned char, unsigned char, unsigned char, unsigned char, unsigned char, unsigned char, unsigned char, unsigned short, unsigned short, unsigned short, unsigned short, short, short, unsigned char, unsigned char, unsigned char)
                0x000000000040a434                setOSC(OSC*, unsigned char, unsigned char, unsigned short, unsigned char, unsigned int)
                0x000000000040a596                emptyOscillators()
                0x000000000040a70e                testOsc()
                0x000000000040a7e1                playNote(unsigned char, unsigned char, unsigned char)
                0x000000000040aaa0                makeSampleInstruments()
 .text          0x000000000040acfa        0x0 obj/Debug/POKITTO_LIBS/Synth/Synth_songfuncs.o
 .text          0x000000000040acfa      0x14e obj/Debug/POKITTO_LIBS/Synth/Synth_wavefuncs.o
                0x000000000040acfa                waveoff(OSC*)
                0x000000000040ad0f                sqwave(OSC*)
                0x000000000040ad3d                sawwave(OSC*)
                0x000000000040ad5b                triwave(OSC*)
                0x000000000040ad9d                noise(OSC*)
                0x000000000040adf2                tonenoise(OSC*)
                0x000000000040ae3d                sample(OSC*)
 .text          0x000000000040ae48       0x1b obj/Debug/POKITTO_SIM/mbed_sim/mbed_sim.o
                0x000000000040ae48                wait_ms(int)
 *fill*         0x000000000040ae63        0x1 
 .text          0x000000000040ae64       0x6b obj/Debug/POKITTO_SIM/PokittoClock.o
                0x000000000040ae64                Pokitto::Core::initClock()
                0x000000000040ae76                Pokitto::Core::getTime()
                0x000000000040ae92                Pokitto::Core::wait(unsigned short)
 *fill*         0x000000000040aecf        0x1 
 .text          0x000000000040aed0      0x535 obj/Debug/POKITTO_SIM/PokittoSimButtons.o
                0x000000000040aed0                Pokitto::Simulator::pollButtons()
                0x000000000040b14a                Pokitto::Simulator::upHeld()
                0x000000000040b16e                Pokitto::Simulator::downHeld()
                0x000000000040b192                Pokitto::Simulator::leftHeld()
                0x000000000040b1b6                Pokitto::Simulator::rightHeld()
                0x000000000040b1da                Pokitto::Simulator::aHeld()
                0x000000000040b1fe                Pokitto::Simulator::bHeld()
                0x000000000040b222                Pokitto::Simulator::cHeld()
                0x000000000040b246                Pokitto::Simulator::upReleased()
                0x000000000040b26a                Pokitto::Simulator::downReleased()
                0x000000000040b28e                Pokitto::Simulator::leftReleased()
                0x000000000040b2b2                Pokitto::Simulator::rightReleased()
                0x000000000040b2d6                Pokitto::Simulator::aReleased()
                0x000000000040b2fa                Pokitto::Simulator::bReleased()
                0x000000000040b31e                Pokitto::Simulator::cReleased()
                0x000000000040b342                Pokitto::Simulator::leftBtn()
                0x000000000040b352                Pokitto::Simulator::rightBtn()
                0x000000000040b362                Pokitto::Simulator::upBtn()
                0x000000000040b372                Pokitto::Simulator::downBtn()
                0x000000000040b382                Pokitto::Simulator::aBtn()
                0x000000000040b392                Pokitto::Simulator::bBtn()
                0x000000000040b3a2                Pokitto::Simulator::cBtn()
 *fill*         0x000000000040b405        0x1 
 .text          0x000000000040b406      0x112 obj/Debug/POKITTO_SIM/PokittoSimCore.o
                0x000000000040b406                Pokitto::Core::quit()
                0x000000000040b414                Pokitto::Core::initRandom()
                0x000000000040b464                Pokitto::Core::initGPIO()
                0x000000000040b46c                Pokitto::Core::initAudio()
                0x000000000040b47e                Pokitto::Core::pollButtons()
                0x000000000040b48a                Pokitto::Core::aBtn()
                0x000000000040b496                Pokitto::Core::bBtn()
                0x000000000040b4a2                Pokitto::Core::cBtn()
                0x000000000040b4ae                Pokitto::Core::upBtn()
                0x000000000040b4ba                Pokitto::Core::downBtn()
                0x000000000040b4c6                Pokitto::Core::leftBtn()
                0x000000000040b4d2                Pokitto::Core::rightBtn()
                0x000000000040b4de                Pokitto::Core::ampIsOn()
                0x000000000040b4f4                Pokitto::Core::ampEnable(unsigned char)
 .text          0x000000000040b518      0xacb obj/Debug/POKITTO_SIM/PokittoSimulator.o
                0x000000000040b518                PromptForChar(char const*, char&)
                0x000000000040b636                rfrsh_callback(unsigned int, void*)
                0x000000000040b65e                Pokitto::Simulator::Simulator()
                0x000000000040b65e                Pokitto::Simulator::Simulator()
                0x000000000040b688                Pokitto::Simulator::wait_ms(unsigned short)
                0x000000000040b6a4                Pokitto::Simulator::initSDLGfx()
                0x000000000040b908                Pokitto::Simulator::waitSDL(unsigned short)
                0x000000000040b924                Pokitto::Simulator::quit()
                0x000000000040b942                Pokitto::Simulator::isRunning()
                0x000000000040b94e                Pokitto::Simulator::refreshDisplay()
                0x000000000040bb04                Pokitto::Simulator::directSDLPixel(short, short, unsigned short)
                0x000000000040bb6e                Pokitto::Simulator::directSDLRectangle(short, short, short, short, unsigned short)
                0x000000000040bc3a                Pokitto::Simulator::fillSDLSurface(unsigned short)
                0x000000000040bc72                Pokitto::Simulator::killSound()
                0x000000000040bc92                Pokitto::Simulator::CleanUp()
                0x000000000040bd9c                simAudioCallback(void*, unsigned char*, int)
                0x000000000040be12                Pokitto::Simulator::initSDLAudio()
                0x000000000040bf4e                Pokitto::Simulator::simSoundEnabled(int)
                0x000000000040bf72                Pokitto::Simulator::simSoundIsOn()
 .text          0x000000000040bfe3       0xb4 obj/Debug/POKITTO_SIM/SimSound.o
                0x000000000040bfe3                Pokitto::soundInit()
                0x000000000040c008                Pokitto::pauseAudio(unsigned char)
                0x000000000040c023                pokStreamPaused()
                0x000000000040c035                pokPauseStream()
                0x000000000040c043                pokPlayStream()
                0x000000000040c051                pokSoundIRQ()
                0x000000000040c08b                fakeISR()
 .text          0x000000000040c097      0x305 obj/Debug/POKITTO_SIM/WriteWav.o
                0x000000000040c097                writeSwapped(unsigned short, unsigned short, _IO_FILE*)
                0x000000000040c136                writeWav(char*, char*, unsigned short)
 .text          0x000000000040c39c      0x440 ../lib/linux/libPokittoCoreLin.a(PokittoPalette.o)
                0x000000000040c39c                Pokitto::Display::loadRGBPalette(unsigned char const*)
                0x000000000040c434                Pokitto::Display::load565Palette(unsigned short const*)
                0x000000000040c47e                Pokitto::Display::rotatePalette(signed char)
                0x000000000040c5d6                Pokitto::Display::RGBto565(unsigned char, unsigned char, unsigned char)
                0x000000000040c626                Pokitto::Display::interpolateColor(unsigned short, unsigned short, unsigned char)
                0x000000000040c75a                Pokitto::Display::tweenPalette(unsigned short*, unsigned short const*, unsigned short const*, unsigned char)
 .text          0x000000000040c7dc     0x3107 ../lib/linux/libPokittoCoreLin.a(SimLCD.o)
                0x000000000040c7dc                Pokitto::lcdInit()
                0x000000000040c7f7                Pokitto::lcdFillSurface(unsigned short)
                0x000000000040c81d                Pokitto::lcdClear()
                0x000000000040c833                Pokitto::lcdPixel(short, short, unsigned short)
                0x000000000040c866                Pokitto::lcdRectangle(short, short, short, short, unsigned short)
                0x000000000040c8b0                Pokitto::blitWord(unsigned short)
                0x000000000040c8d1                Pokitto::lcdRefreshGB(unsigned char*, unsigned short*)
                0x000000000040d295                Pokitto::lcdRefreshMode1(unsigned char*, unsigned short*)
                0x000000000040db43                Pokitto::lcdRefreshMode2(unsigned char*, unsigned short*)
                0x000000000040e382                Pokitto::lcdRefreshAB(unsigned char*, unsigned short*)
                0x000000000040ebfc                Pokitto::lcdRefreshT1(unsigned char*, unsigned char*, unsigned char*, unsigned short*)
                0x000000000040ec7f                Pokitto::lcdRefreshModeLamenes(unsigned char*, unsigned short*)
                0x000000000040f13d                Pokitto::lcdRefreshModeGBC(unsigned char*, unsigned short*)
 .text._ZN7Pokitto10setDRAMptrEtt
                0x000000000040f8e3       0x45 ../lib/linux/libPokittoCoreLin.a(SimLCD.o)
                0x000000000040f8e3                Pokitto::setDRAMptr(unsigned short, unsigned short)
 .text._ZN7Pokitto13setup_data_16Et
                0x000000000040f928       0x18 ../lib/linux/libPokittoCoreLin.a(SimLCD.o)
                0x000000000040f928                Pokitto::setup_data_16(unsigned short)
 .text._ZN7Pokitto11toggle_dataEv
                0x000000000040f940       0x2a ../lib/linux/libPokittoCoreLin.a(SimLCD.o)
                0x000000000040f940                Pokitto::toggle_data()
 *fill*         0x000000000040f96a        0x6 
 .text          0x000000000040f970       0x72 /usr/lib/x86_64-linux-gnu/libc_nonshared.a(elf-init.oS)
                0x000000000040f970                __libc_csu_init
                0x000000000040f9e0                __libc_csu_fini
 *fill*         0x000000000040f9e2        0xe 
 .text          0x000000000040f9f0       0x10 /usr/lib/x86_64-linux-gnu/libc_nonshared.a(stat.oS)
                0x000000000040f9f0                __stat
                0x000000000040f9f0                stat
 .text          0x000000000040fa00        0x0 /usr/lib/gcc/x86_64-linux-gnu/5/crtend.o
 .text          0x000000000040fa00        0x0 /usr/lib/gcc/x86_64-linux-gnu/5/../../../x86_64-linux-gnu/crtn.o
 *(.gnu.warning)

.fini           0x000000000040fa00        0x9
 *(SORT(.fini))
 .fini          0x000000000040fa00        0x4 /usr/lib/gcc/x86_64-linux-gnu/5/../../../x86_64-linux-gnu/crti.o
                0x000000000040fa00                _fini
 .fini          0x000000000040fa04        0x5 /usr/lib/gcc/x86_64-linux-gnu/5/../../../x86_64-linux-gnu/crtn.o
                [!provide]                        PROVIDE (__etext, .)
                [!provide]                        PROVIDE (_etext, .)
                [!provide]                        PROVIDE (etext, .)

.rodata         0x000000000040fa20     0x4330
 *(.rodata .rodata.* .gnu.linkonce.r.*)
 .rodata.cst4   0x000000000040fa20        0x4 /usr/lib/gcc/x86_64-linux-gnu/5/../../../x86_64-linux-gnu/crt1.o
                0x000000000040fa20                _IO_stdin_used
 *fill*         0x000000000040fa24       0x1c 
 .rodata        0x000000000040fa40      0x116 obj/Debug/POKITTO_CORE/PokittoCore.o
 *fill*         0x000000000040fb56        0xa 
 .rodata        0x000000000040fb60       0xbd obj/Debug/Hello.o
 *fill*         0x000000000040fc1d        0x3 
 .rodata        0x000000000040fc20      0x964 obj/Debug/POKITTO_CORE/FONTS/adventurer12x16.o
                0x000000000040fc20                fontAdventurer
 *fill*         0x0000000000410584       0x1c 
 .rodata        0x00000000004105a0      0x3a6 obj/Debug/POKITTO_CORE/FONTS/donut7x10.o
                0x00000000004105a0                fontDonut
 *fill*         0x0000000000410946       0x1a 
 .rodata        0x0000000000410960      0x2a4 obj/Debug/POKITTO_CORE/FONTS/dragon6x8.o
                0x0000000000410960                fontDragon
 *fill*         0x0000000000410c04       0x1c 
 .rodata        0x0000000000410c20      0x204 obj/Debug/POKITTO_CORE/FONTS/font3x3.o
                0x0000000000410c20                font3x3
 *fill*         0x0000000000410e24       0x1c 
 .rodata        0x0000000000410e40      0x204 obj/Debug/POKITTO_CORE/FONTS/font3x5.o
                0x0000000000410e40                font3x5
 *fill*         0x0000000000411044       0x1c 
 .rodata        0x0000000000411060      0x304 obj/Debug/POKITTO_CORE/FONTS/font5x7.o
                0x0000000000411060                font5x7
 *fill*         0x0000000000411364       0x1c 
 .rodata        0x0000000000411380      0x664 obj/Debug/POKITTO_CORE/FONTS/karateka8x11.o
                0x0000000000411380                fontKarateka
 *fill*         0x00000000004119e4       0x1c 
 .rodata        0x0000000000411a00      0x1f4 obj/Debug/POKITTO_CORE/FONTS/koubit7x7.o
                0x0000000000411a00                fontKoubit
 *fill*         0x0000000000411bf4        0xc 
 .rodata        0x0000000000411c00      0x13a obj/Debug/POKITTO_CORE/FONTS/mini4x6.o
                0x0000000000411c00                fontMini
 *fill*         0x0000000000411d3a        0x6 
 .rodata        0x0000000000411d40      0x4e4 obj/Debug/POKITTO_CORE/FONTS/runes6x8.o
                0x0000000000411d40                fontRunes
 *fill*         0x0000000000412224       0x1c 
 .rodata        0x0000000000412240      0x1e4 obj/Debug/POKITTO_CORE/FONTS/tight4x7.o
                0x0000000000412240                fontTight
 *fill*         0x0000000000412424       0x1c 
 .rodata        0x0000000000412440      0x244 obj/Debug/POKITTO_CORE/FONTS/tiny5x7.o
                0x0000000000412440                fontTiny
 *fill*         0x0000000000412684       0x1c 
 .rodata        0x00000000004126a0       0x30 obj/Debug/POKITTO_CORE/PALETTES/palAction.o
                0x00000000004126a0                paletteAction
 *fill*         0x00000000004126d0       0x10 
 .rodata        0x00000000004126e0       0x30 obj/Debug/POKITTO_CORE/PALETTES/palCGA.o
                0x00000000004126e0                paletteCGA
 .rodata        0x0000000000412710       0x12 obj/Debug/POKITTO_CORE/PALETTES/palDefault.o
                0x0000000000412710                paletteDefault
 *fill*         0x0000000000412722       0x1e 
 .rodata        0x0000000000412740       0x30 obj/Debug/POKITTO_CORE/PALETTES/palGameboy.o
                0x0000000000412740                paletteGameboy
 *fill*         0x0000000000412770       0x10 
 .rodata        0x0000000000412780       0x30 obj/Debug/POKITTO_CORE/PALETTES/palMagma.o
                0x0000000000412780                paletteMagma
 *fill*         0x00000000004127b0       0x10 
 .rodata        0x00000000004127c0       0x30 obj/Debug/POKITTO_CORE/PALETTES/palMono.o
                0x00000000004127c0                paletteMono
 *fill*         0x00000000004127f0       0x10 
 .rodata        0x0000000000412800       0x30 obj/Debug/POKITTO_CORE/PALETTES/palPico.o
                0x0000000000412800                palettePico
 *fill*         0x0000000000412830       0x10 
 .rodata        0x0000000000412840       0x30 obj/Debug/POKITTO_CORE/PALETTES/palRainbow.o
                0x0000000000412840                paletteRainbow
 *fill*         0x0000000000412870       0x10 
 .rodata        0x0000000000412880       0x90 obj/Debug/POKITTO_CORE/PokittoBattery.o
 *fill*         0x0000000000412910       0x10 
 .rodata        0x0000000000412920       0xe8 obj/Debug/POKITTO_CORE/PokittoButtons.o
 *fill*         0x0000000000412a08       0x18 
 .rodata        0x0000000000412a20      0x158 obj/Debug/POKITTO_CORE/PokittoDisplay.o
 *fill*         0x0000000000412b78        0x8 
 .rodata        0x0000000000412b80      0x50a obj/Debug/POKITTO_CORE/PokittoLogos.o
                0x0000000000412b80                Pokitto_logo
 *fill*         0x000000000041308a       0x16 
 .rodata        0x00000000004130a0       0xc0 obj/Debug/POKITTO_CORE/PokittoSound.o
 .rodata        0x0000000000413160        0xf obj/Debug/POKITTO_LIBS/FileIO/FileIO_SIM.o
 *fill*         0x000000000041316f       0x11 
 .rodata        0x0000000000413180       0xb0 obj/Debug/POKITTO_LIBS/Synth/Synth.o
 *fill*         0x0000000000413230       0x10 
 .rodata        0x0000000000413240       0xb0 obj/Debug/POKITTO_LIBS/Synth/Synth_envfuncs.o
 *fill*         0x00000000004132f0       0x10 
 .rodata        0x0000000000413300      0x214 obj/Debug/POKITTO_LIBS/Synth/Synth_helpers.o
 *fill*         0x0000000000413514        0xc 
 .rodata        0x0000000000413520       0xb0 obj/Debug/POKITTO_LIBS/Synth/Synth_mixfuncs.o
 *fill*         0x00000000004135d0       0x10 
 .rodata        0x00000000004135e0       0xb0 obj/Debug/POKITTO_LIBS/Synth/Synth_oscfuncs.o
 *fill*         0x0000000000413690       0x10 
 .rodata        0x00000000004136a0       0xb0 obj/Debug/POKITTO_LIBS/Synth/Synth_songfuncs.o
 *fill*         0x0000000000413750       0x10 
 .rodata        0x0000000000413760       0xb0 obj/Debug/POKITTO_LIBS/Synth/Synth_wavefuncs.o
 *fill*         0x0000000000413810       0x10 
 .rodata        0x0000000000413820       0xb0 obj/Debug/POKITTO_SIM/PokittoClock.o
 *fill*         0x00000000004138d0       0x10 
 .rodata        0x00000000004138e0       0x91 obj/Debug/POKITTO_SIM/PokittoSimButtons.o
 *fill*         0x0000000000413971        0xf 
 .rodata        0x0000000000413980       0xb0 obj/Debug/POKITTO_SIM/PokittoSimCore.o
 *fill*         0x0000000000413a30       0x10 
 .rodata        0x0000000000413a40      0x13c obj/Debug/POKITTO_SIM/PokittoSimulator.o
 *fill*         0x0000000000413b7c        0x4 
 .rodata        0x0000000000413b80       0xb0 obj/Debug/POKITTO_SIM/SimSound.o
 .rodata        0x0000000000413c30       0x69 obj/Debug/POKITTO_SIM/WriteWav.o
 *fill*         0x0000000000413c99        0x7 
 .rodata        0x0000000000413ca0       0xb0 ../lib/linux/libPokittoCoreLin.a(PokittoPalette.o)

.rodata1
 *(.rodata1)

.eh_frame_hdr   0x0000000000413d50      0xb04
 *(.eh_frame_hdr)
 .eh_frame_hdr  0x0000000000413d50      0xb04 /usr/lib/gcc/x86_64-linux-gnu/5/../../../x86_64-linux-gnu/crt1.o
                0x0000000000413d50                __GNU_EH_FRAME_HDR
 *(.eh_frame_entry .eh_frame_entry.*)

.eh_frame       0x0000000000414858     0x2c9c
 *(.eh_frame)
 .eh_frame      0x0000000000414858       0x30 /usr/lib/gcc/x86_64-linux-gnu/5/../../../x86_64-linux-gnu/crt1.o
 .eh_frame      0x0000000000414888       0x40 /usr/lib/gcc/x86_64-linux-gnu/5/../../../x86_64-linux-gnu/crt1.o
 .eh_frame      0x00000000004148c8      0x3c8 obj/Debug/POKITTO_CORE/PokittoCore.o
                                        0x3e0 (size before relaxing)
 .eh_frame      0x0000000000414c90       0x60 obj/Debug/Hello.o
                                         0x78 (size before relaxing)
 .eh_frame      0x0000000000414cf0       0x60 obj/Debug/POKITTO_CORE/PokittoBacklight.o
                                         0x78 (size before relaxing)
 .eh_frame      0x0000000000414d50       0x40 obj/Debug/POKITTO_CORE/PokittoBattery.o
                                         0x58 (size before relaxing)
 .eh_frame      0x0000000000414d90      0x1e0 obj/Debug/POKITTO_CORE/PokittoButtons.o
                                        0x1f8 (size before relaxing)
 .eh_frame      0x0000000000414f70      0xd00 obj/Debug/POKITTO_CORE/PokittoDisplay.o
                                        0xd18 (size before relaxing)
 .eh_frame      0x0000000000415c70       0x60 obj/Debug/POKITTO_CORE/PokittoItoa.o
                                         0x78 (size before relaxing)
 .eh_frame      0x0000000000415cd0      0x500 obj/Debug/POKITTO_CORE/PokittoSound.o
                                        0x518 (size before relaxing)
 .eh_frame      0x00000000004161d0      0x368 obj/Debug/POKITTO_LIBS/FileIO/FileIO_SIM.o
                                        0x380 (size before relaxing)
 .eh_frame      0x0000000000416538       0x40 obj/Debug/POKITTO_LIBS/Synth/Synth.o
                                         0x58 (size before relaxing)
 .eh_frame      0x0000000000416578       0x80 obj/Debug/POKITTO_LIBS/Synth/Synth_envfuncs.o
                                         0x98 (size before relaxing)
 .eh_frame      0x00000000004165f8       0x60 obj/Debug/POKITTO_LIBS/Synth/Synth_helpers.o
                                         0x78 (size before relaxing)
 .eh_frame      0x0000000000416658       0x80 obj/Debug/POKITTO_LIBS/Synth/Synth_mixfuncs.o
                                         0x98 (size before relaxing)
 .eh_frame      0x00000000004166d8       0xe0 obj/Debug/POKITTO_LIBS/Synth/Synth_oscfuncs.o
                                         0xf0 (size before relaxing)
 .eh_frame      0x00000000004167b8       0xe0 obj/Debug/POKITTO_LIBS/Synth/Synth_wavefuncs.o
                                         0xf8 (size before relaxing)
 .eh_frame      0x0000000000416898       0x20 obj/Debug/POKITTO_SIM/mbed_sim/mbed_sim.o
                                         0x38 (size before relaxing)
 .eh_frame      0x00000000004168b8       0x60 obj/Debug/POKITTO_SIM/PokittoClock.o
                                         0x78 (size before relaxing)
 .eh_frame      0x0000000000416918      0x300 obj/Debug/POKITTO_SIM/PokittoSimButtons.o
                                        0x318 (size before relaxing)
 .eh_frame      0x0000000000416c18      0x1c0 obj/Debug/POKITTO_SIM/PokittoSimCore.o
                                        0x1d8 (size before relaxing)
 .eh_frame      0x0000000000416dd8      0x2b8 obj/Debug/POKITTO_SIM/PokittoSimulator.o
                                        0x2c8 (size before relaxing)
 .eh_frame      0x0000000000417090       0xe0 obj/Debug/POKITTO_SIM/SimSound.o
                                         0xf8 (size before relaxing)
 .eh_frame      0x0000000000417170       0x40 obj/Debug/POKITTO_SIM/WriteWav.o
                                         0x58 (size before relaxing)
 .eh_frame      0x00000000004171b0       0xc8 ../lib/linux/libPokittoCoreLin.a(PokittoPalette.o)
                                         0xe0 (size before relaxing)
 .eh_frame      0x0000000000417278      0x200 ../lib/linux/libPokittoCoreLin.a(SimLCD.o)
                                        0x218 (size before relaxing)
 .eh_frame      0x0000000000417478       0x60 /usr/lib/x86_64-linux-gnu/libc_nonshared.a(elf-init.oS)
                                         0x78 (size before relaxing)
 .eh_frame      0x00000000004174d8       0x18 /usr/lib/x86_64-linux-gnu/libc_nonshared.a(stat.oS)
                                         0x30 (size before relaxing)
 .eh_frame      0x00000000004174f0        0x4 /usr/lib/gcc/x86_64-linux-gnu/5/crtend.o
 *(.eh_frame.*)

.gcc_except_table
                0x00000000004174f4       0x25
 *(.gcc_except_table .gcc_except_table.*)
 .gcc_except_table
                0x00000000004174f4       0x25 obj/Debug/POKITTO_SIM/PokittoSimulator.o

.gnu_extab
 *(.gnu_extab*)

.exception_ranges
 *(.exception_ranges .exception_ranges*)
                0x0000000000617da8                . = DATA_SEGMENT_ALIGN (0x200000, 0x1000)

.eh_frame
 *(.eh_frame)
 *(.eh_frame.*)

.gnu_extab
 *(.gnu_extab)

.gcc_except_table
 *(.gcc_except_table .gcc_except_table.*)

.exception_ranges
 *(.exception_ranges .exception_ranges*)

.tdata
 *(.tdata .tdata.* .gnu.linkonce.td.*)

.tbss
 *(.tbss .tbss.* .gnu.linkonce.tb.*)
 *(.tcommon)

.preinit_array  0x0000000000617da8        0x0
                [!provide]                        PROVIDE (__preinit_array_start, .)
 *(.preinit_array)
                [!provide]                        PROVIDE (__preinit_array_end, .)

.init_array     0x0000000000617da8       0x30
                0x0000000000617da8                PROVIDE (__init_array_start, .)
 *(SORT(.init_array.*) SORT(.ctors.*))
 *(.init_array EXCLUDE_FILE(*crtend?.o *crtend.o *crtbegin?.o *crtbegin.o) .ctors)
 .init_array    0x0000000000617da8        0x8 /usr/lib/gcc/x86_64-linux-gnu/5/crtbegin.o
 .init_array    0x0000000000617db0        0x8 obj/Debug/POKITTO_CORE/PokittoCore.o
 .init_array    0x0000000000617db8        0x8 obj/Debug/Hello.o
 .init_array    0x0000000000617dc0        0x8 obj/Debug/POKITTO_LIBS/Synth/Synth.o
 .init_array    0x0000000000617dc8        0x8 obj/Debug/POKITTO_SIM/PokittoSimButtons.o
 .init_array    0x0000000000617dd0        0x8 obj/Debug/POKITTO_SIM/PokittoSimulator.o
                0x0000000000617dd8                PROVIDE (__init_array_end, .)

.fini_array     0x0000000000617dd8        0x8
                [!provide]                        PROVIDE (__fini_array_start, .)
 *(SORT(.fini_array.*) SORT(.dtors.*))
 *(.fini_array EXCLUDE_FILE(*crtend?.o *crtend.o *crtbegin?.o *crtbegin.o) .dtors)
 .fini_array    0x0000000000617dd8        0x8 /usr/lib/gcc/x86_64-linux-gnu/5/crtbegin.o
                [!provide]                        PROVIDE (__fini_array_end, .)

.ctors
 *crtbegin.o(.ctors)
 *crtbegin?.o(.ctors)
 *(EXCLUDE_FILE(*crtend?.o *crtend.o) .ctors)
 *(SORT(.ctors.*))
 *(.ctors)

.dtors
 *crtbegin.o(.dtors)
 *crtbegin?.o(.dtors)
 *(EXCLUDE_FILE(*crtend?.o *crtend.o) .dtors)
 *(SORT(.dtors.*))
 *(.dtors)

.jcr            0x0000000000617de0        0x8
 *(.jcr)
 .jcr           0x0000000000617de0        0x0 /usr/lib/gcc/x86_64-linux-gnu/5/crtbegin.o
 .jcr           0x0000000000617de0        0x8 /usr/lib/gcc/x86_64-linux-gnu/5/crtend.o

.data.rel.ro
 *(.data.rel.ro.local* .gnu.linkonce.d.rel.ro.local.*)
 *(.data.rel.ro .data.rel.ro.* .gnu.linkonce.d.rel.ro.*)

.dynamic        0x0000000000617de8      0x210
 *(.dynamic)
 .dynamic       0x0000000000617de8      0x210 /usr/lib/gcc/x86_64-linux-gnu/5/../../../x86_64-linux-gnu/crt1.o
                0x0000000000617de8                _DYNAMIC

.got            0x0000000000617ff8        0x8
 *(.got)
 .got           0x0000000000617ff8        0x8 /usr/lib/gcc/x86_64-linux-gnu/5/../../../x86_64-linux-gnu/crt1.o
 *(.igot)
                0x0000000000618fe8                . = DATA_SEGMENT_RELRO_END (., (SIZEOF (.got.plt) >= 0x18)?0x18:0x0)

.got.plt        0x0000000000618000      0x218
 *(.got.plt)
 .got.plt       0x0000000000618000      0x218 /usr/lib/gcc/x86_64-linux-gnu/5/../../../x86_64-linux-gnu/crt1.o
                0x0000000000618000                _GLOBAL_OFFSET_TABLE_
 *(.igot.plt)
 .igot.plt      0x0000000000618218        0x0 /usr/lib/gcc/x86_64-linux-gnu/5/../../../x86_64-linux-gnu/crt1.o

.data           0x0000000000618220      0x4a1
 *(.data .data.* .gnu.linkonce.d.*)
 .data          0x0000000000618220        0x4 /usr/lib/gcc/x86_64-linux-gnu/5/../../../x86_64-linux-gnu/crt1.o
                0x0000000000618220                data_start
                0x0000000000618220                __data_start
 .data          0x0000000000618224        0x0 /usr/lib/gcc/x86_64-linux-gnu/5/../../../x86_64-linux-gnu/crti.o
 *fill*         0x0000000000618224        0x4 
 .data          0x0000000000618228        0x8 /usr/lib/gcc/x86_64-linux-gnu/5/crtbegin.o
                0x0000000000618228                __dso_handle
 .data          0x0000000000618230        0x0 obj/Debug/POKITTO_CORE/PokittoCore.o
 .data          0x0000000000618230        0x0 obj/Debug/Hello.o
 .data          0x0000000000618230        0x0 obj/Debug/POKITTO_CORE/FONTS/adventurer12x16.o
 .data          0x0000000000618230        0x0 obj/Debug/POKITTO_CORE/FONTS/donut7x10.o
 .data          0x0000000000618230        0x0 obj/Debug/POKITTO_CORE/FONTS/dragon6x8.o
 .data          0x0000000000618230        0x0 obj/Debug/POKITTO_CORE/FONTS/font3x3.o
 .data          0x0000000000618230        0x0 obj/Debug/POKITTO_CORE/FONTS/font3x5.o
 .data          0x0000000000618230        0x0 obj/Debug/POKITTO_CORE/FONTS/font5x7.o
 .data          0x0000000000618230        0x0 obj/Debug/POKITTO_CORE/FONTS/karateka8x11.o
 .data          0x0000000000618230        0x0 obj/Debug/POKITTO_CORE/FONTS/koubit7x7.o
 .data          0x0000000000618230        0x0 obj/Debug/POKITTO_CORE/FONTS/mini4x6.o
 .data          0x0000000000618230        0x0 obj/Debug/POKITTO_CORE/FONTS/runes6x8.o
 .data          0x0000000000618230        0x0 obj/Debug/POKITTO_CORE/FONTS/tight4x7.o
 .data          0x0000000000618230        0x0 obj/Debug/POKITTO_CORE/FONTS/tiny5x7.o
 .data          0x0000000000618230        0x0 obj/Debug/POKITTO_CORE/PALETTES/palAction.o
 .data          0x0000000000618230        0x0 obj/Debug/POKITTO_CORE/PALETTES/palCGA.o
 .data          0x0000000000618230        0x0 obj/Debug/POKITTO_CORE/PALETTES/palDefault.o
 .data          0x0000000000618230        0x0 obj/Debug/POKITTO_CORE/PALETTES/palGameboy.o
 .data          0x0000000000618230        0x0 obj/Debug/POKITTO_CORE/PALETTES/palMagma.o
 .data          0x0000000000618230        0x0 obj/Debug/POKITTO_CORE/PALETTES/palMono.o
 .data          0x0000000000618230        0x0 obj/Debug/POKITTO_CORE/PALETTES/palPico.o
 .data          0x0000000000618230        0x0 obj/Debug/POKITTO_CORE/PALETTES/palRainbow.o
 .data          0x0000000000618230        0x0 obj/Debug/POKITTO_CORE/PokittoBacklight.o
 .data          0x0000000000618230        0x0 obj/Debug/POKITTO_CORE/PokittoBattery.o
 .data          0x0000000000618230        0x0 obj/Debug/POKITTO_CORE/PokittoButtons.o
 .data          0x0000000000618230        0x9 obj/Debug/POKITTO_CORE/PokittoDisplay.o
                0x0000000000618230                Pokitto::Display::color
                0x0000000000618232                Pokitto::Display::invisiblecolor
                0x0000000000618234                Pokitto::Display::directcolor
                0x0000000000618236                Pokitto::Display::bpp
                0x0000000000618237                Pokitto::Display::width
                0x0000000000618238                Pokitto::Display::height
 .data          0x0000000000618239        0x0 obj/Debug/POKITTO_CORE/PokittoItoa.o
 .data          0x0000000000618239        0x0 obj/Debug/POKITTO_CORE/PokittoLogos.o
 .data          0x0000000000618239        0x0 obj/Debug/POKITTO_CORE/PokittoSound.o
 .data          0x0000000000618239        0x1 obj/Debug/POKITTO_LIBS/FileIO/FileIO_SIM.o
                0x0000000000618239                filemode
 .data          0x000000000061823a        0x5 obj/Debug/POKITTO_LIBS/Synth/Synth.o
                0x000000000061823a                track1on
                0x000000000061823b                track2on
                0x000000000061823c                track3on
                0x000000000061823d                tempo
                0x000000000061823e                tick
 .data          0x000000000061823f        0x0 obj/Debug/POKITTO_LIBS/Synth/Synth_envfuncs.o
 *fill*         0x000000000061823f        0x1 
 .data          0x0000000000618240      0x3c8 obj/Debug/POKITTO_LIBS/Synth/Synth_helpers.o
                0x0000000000618250                arptable
                0x0000000000618280                cincs
                0x0000000000618340                note_table
 .data          0x0000000000618608        0x0 obj/Debug/POKITTO_LIBS/Synth/Synth_mixfuncs.o
 .data          0x0000000000618608        0x0 obj/Debug/POKITTO_LIBS/Synth/Synth_oscfuncs.o
 .data          0x0000000000618608        0x0 obj/Debug/POKITTO_LIBS/Synth/Synth_songfuncs.o
 *fill*         0x0000000000618608       0x18 
 .data          0x0000000000618620       0xa0 obj/Debug/POKITTO_LIBS/Synth/Synth_wavefuncs.o
                0x0000000000618620                Farr
                0x0000000000618660                Earr
                0x0000000000618680                Marr
                0x00000000006186a0                HWMarr
 .data          0x00000000006186c0        0x0 obj/Debug/POKITTO_SIM/mbed_sim/mbed_sim.o
 .data          0x00000000006186c0        0x0 obj/Debug/POKITTO_SIM/PokittoClock.o
 .data          0x00000000006186c0        0x0 obj/Debug/POKITTO_SIM/PokittoSimButtons.o
 .data          0x00000000006186c0        0x0 obj/Debug/POKITTO_SIM/PokittoSimCore.o
 .data          0x00000000006186c0        0x0 obj/Debug/POKITTO_SIM/PokittoSimulator.o
 .data          0x00000000006186c0        0x1 obj/Debug/POKITTO_SIM/SimSound.o
                0x00000000006186c0                savecpu
 .data          0x00000000006186c1        0x0 obj/Debug/POKITTO_SIM/WriteWav.o
 .data          0x00000000006186c1        0x0 ../lib/linux/libPokittoCoreLin.a(PokittoPalette.o)
 .data          0x00000000006186c1        0x0 ../lib/linux/libPokittoCoreLin.a(SimLCD.o)
 .data          0x00000000006186c1        0x0 /usr/lib/x86_64-linux-gnu/libc_nonshared.a(elf-init.oS)
 .data          0x00000000006186c1        0x0 /usr/lib/x86_64-linux-gnu/libc_nonshared.a(stat.oS)
 .data          0x00000000006186c1        0x0 /usr/lib/gcc/x86_64-linux-gnu/5/crtend.o
 .data          0x00000000006186c1        0x0 /usr/lib/gcc/x86_64-linux-gnu/5/../../../x86_64-linux-gnu/crtn.o

.tm_clone_table
                0x00000000006186c8        0x0
 .tm_clone_table
                0x00000000006186c8        0x0 /usr/lib/gcc/x86_64-linux-gnu/5/crtbegin.o
 .tm_clone_table
                0x00000000006186c8        0x0 /usr/lib/gcc/x86_64-linux-gnu/5/crtend.o

.data1
 *(.data1)
                0x00000000006186c8                _edata = .
                [!provide]                        PROVIDE (edata, .)
                0x00000000006186c8                . = .
                0x00000000006186c8                __bss_start = .

.bss            0x00000000006186e0    0x3e708
 *(.dynbss)
 .dynbss        0x00000000006186e0      0x238 /usr/lib/gcc/x86_64-linux-gnu/5/../../../x86_64-linux-gnu/crt1.o
                0x00000000006186e0                std::cout@@GLIBCXX_3.4
                0x0000000000618800                std::cin@@GLIBCXX_3.4
 *(.bss .bss.* .gnu.linkonce.b.*)
 .bss           0x0000000000618918        0x0 /usr/lib/gcc/x86_64-linux-gnu/5/../../../x86_64-linux-gnu/crt1.o
 .bss           0x0000000000618918        0x0 /usr/lib/gcc/x86_64-linux-gnu/5/../../../x86_64-linux-gnu/crti.o
 .bss           0x0000000000618918        0x1 /usr/lib/gcc/x86_64-linux-gnu/5/crtbegin.o
 *fill*         0x0000000000618919        0x7 
 .bss           0x0000000000618920       0x3c obj/Debug/POKITTO_CORE/PokittoCore.o
                0x0000000000618920                selectedfile
                0x0000000000618939                Pokitto::Core::run_state
                0x000000000061893a                Pokitto::Core::backlight
                0x000000000061893b                Pokitto::Core::buttons
                0x000000000061893c                Pokitto::Core::battery
                0x000000000061893d                Pokitto::Core::display
                0x000000000061893e                Pokitto::Core::startMenuTimer
                0x000000000061893f                Pokitto::Core::timePerFrame
                0x0000000000618940                Pokitto::Core::nextFrameMillis
                0x0000000000618944                Pokitto::Core::frameCount
                0x0000000000618948                Pokitto::Core::popupText
                0x0000000000618950                Pokitto::Core::popupTimeLeft
                0x0000000000618952                Pokitto::Core::frameDurationMicros
                0x0000000000618954                Pokitto::Core::frameStartMicros
                0x0000000000618958                Pokitto::Core::frameEndMicros
 .bss           0x000000000061895c        0x1 obj/Debug/Hello.o
                0x000000000061895c                game
 .bss           0x000000000061895d        0x0 obj/Debug/POKITTO_CORE/FONTS/adventurer12x16.o
 .bss           0x000000000061895d        0x0 obj/Debug/POKITTO_CORE/FONTS/donut7x10.o
 .bss           0x000000000061895d        0x0 obj/Debug/POKITTO_CORE/FONTS/dragon6x8.o
 .bss           0x000000000061895d        0x0 obj/Debug/POKITTO_CORE/FONTS/font3x3.o
 .bss           0x000000000061895d        0x0 obj/Debug/POKITTO_CORE/FONTS/font3x5.o
 .bss           0x000000000061895d        0x0 obj/Debug/POKITTO_CORE/FONTS/font5x7.o
 .bss           0x000000000061895d        0x0 obj/Debug/POKITTO_CORE/FONTS/karateka8x11.o
 .bss           0x000000000061895d        0x0 obj/Debug/POKITTO_CORE/FONTS/koubit7x7.o
 .bss           0x000000000061895d        0x0 obj/Debug/POKITTO_CORE/FONTS/mini4x6.o
 .bss           0x000000000061895d        0x0 obj/Debug/POKITTO_CORE/FONTS/runes6x8.o
 .bss           0x000000000061895d        0x0 obj/Debug/POKITTO_CORE/FONTS/tight4x7.o
 .bss           0x000000000061895d        0x0 obj/Debug/POKITTO_CORE/FONTS/tiny5x7.o
 .bss           0x000000000061895d        0x0 obj/Debug/POKITTO_CORE/PALETTES/palAction.o
 .bss           0x000000000061895d        0x0 obj/Debug/POKITTO_CORE/PALETTES/palCGA.o
 .bss           0x000000000061895d        0x0 obj/Debug/POKITTO_CORE/PALETTES/palDefault.o
 .bss           0x000000000061895d        0x0 obj/Debug/POKITTO_CORE/PALETTES/palGameboy.o
 .bss           0x000000000061895d        0x0 obj/Debug/POKITTO_CORE/PALETTES/palMagma.o
 .bss           0x000000000061895d        0x0 obj/Debug/POKITTO_CORE/PALETTES/palMono.o
 .bss           0x000000000061895d        0x0 obj/Debug/POKITTO_CORE/PALETTES/palPico.o
 .bss           0x000000000061895d        0x0 obj/Debug/POKITTO_CORE/PALETTES/palRainbow.o
 *fill*         0x000000000061895d        0x1 
 .bss           0x000000000061895e        0xc obj/Debug/POKITTO_CORE/PokittoBacklight.o
                0x000000000061895e                Pokitto::Backlight::automatic
                0x0000000000618960                Pokitto::Backlight::ambientLight
                0x0000000000618962                Pokitto::Backlight::backlightValue
                0x0000000000618963                Pokitto::Backlight::backlightMin
                0x0000000000618964                Pokitto::Backlight::backlightMax
                0x0000000000618966                Pokitto::Backlight::ambientLightMin
                0x0000000000618968                Pokitto::Backlight::ambientLightMax
 *fill*         0x000000000061896a        0x6 
 .bss           0x0000000000618970       0x11 obj/Debug/POKITTO_CORE/PokittoBattery.o
                0x0000000000618970                Pokitto::Battery::show
                0x0000000000618971                Pokitto::Battery::level
                0x0000000000618972                Pokitto::Battery::voltage
                0x0000000000618978                Pokitto::Battery::thresholds
                0x0000000000618980                Pokitto::Battery::nextUpdate
 .bss           0x0000000000618981        0xe obj/Debug/POKITTO_CORE/PokittoButtons.o
                0x0000000000618981                Pokitto::Buttons::pins
                0x0000000000618988                Pokitto::Buttons::states
 *fill*         0x000000000061898f       0x11 
 .bss           0x00000000006189a0     0x2650 obj/Debug/POKITTO_CORE/PokittoDisplay.o
                0x00000000006189a0                Pokitto::Display::m_scrbuf
                0x00000000006189a8                Pokitto::Display::m_tileset
                0x00000000006189b0                Pokitto::Display::m_tilebuf
                0x00000000006189b8                Pokitto::Display::m_tilecolorbuf
                0x00000000006189c0                Pokitto::Display::m_mode
                0x00000000006189c1                Pokitto::Display::m_colordepth
                0x00000000006189c2                Pokitto::Display::fontSize
                0x00000000006189c4                Pokitto::Display::cursorX
                0x00000000006189c6                Pokitto::Display::cursorY
                0x00000000006189c8                Pokitto::Display::m_w
                0x00000000006189ca                Pokitto::Display::m_h
                0x00000000006189cc                Pokitto::Display::fontWidth
                0x00000000006189cd                Pokitto::Display::fontHeight
                0x00000000006189ce                Pokitto::Display::textWrap
                0x00000000006189cf                Pokitto::Display::persistence
                0x00000000006189d0                Pokitto::Display::bgcolor
                0x00000000006189d2                Pokitto::Display::directbgcolor
                0x00000000006189d8                Pokitto::Display::paletteptr
                0x00000000006189e0                Pokitto::Display::palette
                0x0000000000618a00                Pokitto::Display::font
                0x0000000000618a20                Pokitto::Display::screenbuffer
 .bss           0x000000000061aff0        0x0 obj/Debug/POKITTO_CORE/PokittoItoa.o
 .bss           0x000000000061aff0        0x0 obj/Debug/POKITTO_CORE/PokittoLogos.o
 .bss           0x000000000061aff0       0x58 obj/Debug/POKITTO_CORE/PokittoSound.o
                0x000000000061aff0                Pokitto::Sound::prescaler
                0x000000000061aff1                Pokitto::Sound::globalVolume
                0x000000000061aff2                Pokitto::Sound::volumeMax
                0x000000000061aff3                Pokitto::Sound::trackIsPlaying
                0x000000000061aff4                Pokitto::Sound::patternIsPlaying
                0x000000000061aff5                Pokitto::Sound::outputPitch
                0x000000000061aff6                Pokitto::Sound::outputVolume
                0x000000000061aff8                Pokitto::Sound::trackData
                0x000000000061b000                Pokitto::Sound::trackCursor
                0x000000000061b008                Pokitto::Sound::patternSet
                0x000000000061b010                Pokitto::Sound::patternPitch
                0x000000000061b018                Pokitto::Sound::patternData
                0x000000000061b020                Pokitto::Sound::instrumentSet
                0x000000000061b028                Pokitto::Sound::patternLooping
                0x000000000061b02a                Pokitto::Sound::patternCursor
                0x000000000061b02c                Pokitto::Sound::notePitch
                0x000000000061b02d                Pokitto::Sound::noteDuration
                0x000000000061b02e                Pokitto::Sound::noteVolume
                0x000000000061b02f                Pokitto::Sound::notePlaying
                0x000000000061b030                Pokitto::Sound::commandsCounter
                0x000000000061b031                Pokitto::Sound::volumeSlideStepDuration
                0x000000000061b032                Pokitto::Sound::volumeSlideStepSize
                0x000000000061b033                Pokitto::Sound::arpeggioStepDuration
                0x000000000061b034                Pokitto::Sound::arpeggioStepSize
                0x000000000061b035                Pokitto::Sound::tremoloStepDuration
                0x000000000061b036                Pokitto::Sound::tremoloStepSize
                0x000000000061b038                Pokitto::Sound::instrumentData
                0x000000000061b040                Pokitto::Sound::instrumentLength
                0x000000000061b041                Pokitto::Sound::instrumentLooping
                0x000000000061b042                Pokitto::Sound::instrumentCursor
                0x000000000061b044                Pokitto::Sound::instrumentNextChange
                0x000000000061b045                Pokitto::Sound::stepVolume
                0x000000000061b046                Pokitto::Sound::stepPitch
                0x000000000061b047                Pokitto::Sound::chanVolumes
 *fill*         0x000000000061b048       0x18 
 .bss           0x000000000061b060     0x2210 obj/Debug/POKITTO_LIBS/FileIO/FileIO_SIM.o
                0x000000000061b060                tinydir
                0x000000000061c0a0                tinyfile
                0x000000000061d240                fp
                0x000000000061d248                filelen
                0x000000000061d250                currentfile
                0x000000000061d260                nextfile
                0x000000000061d26f                diropened
 *fill*         0x000000000061d270       0x10 
 .bss           0x000000000061d280      0x480 obj/Debug/POKITTO_LIBS/Synth/Synth.o
                0x000000000061d280                playing
                0x000000000061d281                tableRefresh
                0x000000000061d282                sequencepos
                0x000000000061d288                writeindex
                0x000000000061d290                readindex
                0x000000000061d298                playerpos
                0x000000000061d2a0                per
                0x000000000061d2a8                samplespertick
                0x000000000061d2aa                notetick
                0x000000000061d2b0                samplesperpattern
                0x000000000061d2c0                song
                0x000000000061d320                osc1
                0x000000000061d360                osc2
                0x000000000061d3a0                osc3
                0x000000000061d3e0                patch
                0x000000000061d680                block
 .bss           0x000000000061d700        0x0 obj/Debug/POKITTO_LIBS/Synth/Synth_envfuncs.o
 .bss           0x000000000061d700        0x0 obj/Debug/POKITTO_LIBS/Synth/Synth_helpers.o
 .bss           0x000000000061d700        0x5 obj/Debug/POKITTO_LIBS/Synth/Synth_mixfuncs.o
                0x000000000061d700                voltick
                0x000000000061d702                arptick
                0x000000000061d704                bendtick
 .bss           0x000000000061d705        0x0 obj/Debug/POKITTO_LIBS/Synth/Synth_oscfuncs.o
 *fill*         0x000000000061d705       0x1b 
 .bss           0x000000000061d720       0x61 obj/Debug/POKITTO_LIBS/Synth/Synth_songfuncs.o
                0x000000000061d720                chunk
                0x000000000061d780                cc
 *fill*         0x000000000061d781        0x1 
 .bss           0x000000000061d782        0x4 obj/Debug/POKITTO_LIBS/Synth/Synth_wavefuncs.o
                0x000000000061d782                noiseval
                0x000000000061d784                noiseval2
 .bss           0x000000000061d786        0x0 obj/Debug/POKITTO_SIM/mbed_sim/mbed_sim.o
 *fill*         0x000000000061d786        0x2 
 .bss           0x000000000061d788       0x18 obj/Debug/POKITTO_SIM/PokittoClock.o
                0x000000000061d788                Pokitto::Core::refreshtime
                0x000000000061d790                pt_count
                0x000000000061d798                ptimer
 .bss           0x000000000061d7a0        0x4 obj/Debug/POKITTO_SIM/PokittoSimButtons.o
                0x000000000061d7a0                Pokitto::Simulator::buttons_state
                0x000000000061d7a1                Pokitto::Simulator::buttons_held
                0x000000000061d7a2                Pokitto::Simulator::buttons_released
 .bss           0x000000000061d7a4        0x0 obj/Debug/POKITTO_SIM/PokittoSimCore.o
 *fill*         0x000000000061d7a4       0x1c 
 .bss           0x000000000061d7c0    0x38d19 obj/Debug/POKITTO_SIM/PokittoSimulator.o
                0x000000000061d7c0                wanted
                0x000000000061d7e0                got
                0x000000000061d800                audioDevice
                0x000000000061d804                sound_on
                0x000000000061d808                aud_position
                0x000000000061d80c                aud_len
                0x000000000061d810                aud_frequency
                0x000000000061d814                aud_volume
                0x000000000061d818                simulator
                0x000000000061d81c                Pokitto::Simulator::simRunning
                0x000000000061d820                Pokitto::Simulator::sdlSimWin
                0x000000000061d828                Pokitto::Simulator::sdlBgRen
                0x000000000061d830                Pokitto::Simulator::sdlRen
                0x000000000061d838                Pokitto::Simulator::sdlTex
                0x000000000061d840                Pokitto::Simulator::SrcR
                0x000000000061d850                Pokitto::Simulator::DestR
                0x000000000061d860                Pokitto::Simulator::sdlEvent
                0x000000000061d898                Pokitto::Simulator::Loading_Surf
                0x000000000061d8a0                Pokitto::Simulator::Background_Tx
                0x000000000061d8c0                Pokitto::Simulator::lcdpixels
                0x00000000006435c0                Pokitto::Simulator::ww
                0x00000000006435c4                Pokitto::Simulator::wh
                0x00000000006435e0                Pokitto::Simulator::gfxbuf
                0x0000000000656460                Pokitto::Simulator::dramptr
                0x0000000000656468                Pokitto::Simulator::datalines
                0x000000000065646a                Pokitto::Simulator::prevdata
                0x000000000065646c                Pokitto::Simulator::lcd_shaking
                0x0000000000656470                Pokitto::Simulator::gGameController
                0x0000000000656478                Pokitto::Simulator::joystickPresent
                0x0000000000656479                Pokitto::Simulator::amp
                0x000000000065647a                Pokitto::Simulator::mutex
                0x000000000065647b                Pokitto::Simulator::cleaned
                0x000000000065647c                Pokitto::Simulator::sc_count
                0x000000000065647e                Pokitto::Simulator::framenumber
                0x0000000000656480                Pokitto::Simulator::audframenumber
                0x0000000000656484                Pokitto::Simulator::videotime
                0x0000000000656488                Pokitto::Simulator::audiotime
                0x000000000065648c                Pokitto::Simulator::videoframesize
                0x0000000000656490                Pokitto::Simulator::audioframesize
                0x0000000000656498                recordingstarttime
                0x00000000006564a0                sdlEvent2
 *fill*         0x00000000006564d9        0x7 
 .bss           0x00000000006564e0      0x901 obj/Debug/POKITTO_SIM/SimSound.o
                0x00000000006564e0                soundbyte
                0x00000000006564e8                soundfile
                0x0000000000656500                soundfilebuffer
                0x0000000000656cd0                activesfbuf
                0x0000000000656cd1                writesfbuf
                0x0000000000656cd2                sfbufindex
                0x0000000000656cd4                streambyte
                0x0000000000656cd5                output
                0x0000000000656cd6                streamon
                0x0000000000656cd7                test
                0x0000000000656cd8                test2
                0x0000000000656ce0                soundbuf
                0x0000000000656de0                soundbufindex
 .bss           0x0000000000656de1        0x0 obj/Debug/POKITTO_SIM/WriteWav.o
 .bss           0x0000000000656de1        0x0 ../lib/linux/libPokittoCoreLin.a(PokittoPalette.o)
 .bss           0x0000000000656de1        0x0 ../lib/linux/libPokittoCoreLin.a(SimLCD.o)
 .bss           0x0000000000656de1        0x0 /usr/lib/x86_64-linux-gnu/libc_nonshared.a(elf-init.oS)
 .bss           0x0000000000656de1        0x0 /usr/lib/x86_64-linux-gnu/libc_nonshared.a(stat.oS)
 .bss           0x0000000000656de1        0x0 /usr/lib/gcc/x86_64-linux-gnu/5/crtend.o
 .bss           0x0000000000656de1        0x0 /usr/lib/gcc/x86_64-linux-gnu/5/../../../x86_64-linux-gnu/crtn.o
 *(COMMON)
                0x0000000000656de8                . = ALIGN ((. != 0x0)?0x8:0x1)
 *fill*         0x0000000000656de1        0x7 

.lbss
 *(.dynlbss)
 *(.lbss .lbss.* .gnu.linkonce.lb.*)
 *(LARGE_COMMON)
                0x0000000000656de8                . = ALIGN (0x8)
                0x0000000000656de8                . = SEGMENT_START ("ldata-segment", .)

.lrodata
 *(.lrodata .lrodata.* .gnu.linkonce.lr.*)

.ldata          0x0000000000a56de8        0x0
 *(.ldata .ldata.* .gnu.linkonce.l.*)
                0x0000000000a56de8                . = ALIGN ((. != 0x0)?0x8:0x1)
                0x0000000000a56de8                . = ALIGN (0x8)
                0x0000000000a56de8                _end = .
                [!provide]                        PROVIDE (end, .)
                0x0000000000a56de8                . = DATA_SEGMENT_END (.)

.stab
 *(.stab)

.stabstr
 *(.stabstr)

.stab.excl
 *(.stab.excl)

.stab.exclstr
 *(.stab.exclstr)

.stab.index
 *(.stab.index)

.stab.indexstr
 *(.stab.indexstr)

.comment        0x0000000000000000       0x34
 *(.comment)
 .comment       0x0000000000000000       0x34 /usr/lib/gcc/x86_64-linux-gnu/5/crtbegin.o
                                         0x35 (size before relaxing)
 .comment       0x0000000000000034       0x35 obj/Debug/POKITTO_CORE/PokittoCore.o
 .comment       0x0000000000000034       0x35 obj/Debug/Hello.o
 .comment       0x0000000000000034       0x35 obj/Debug/POKITTO_CORE/FONTS/adventurer12x16.o
 .comment       0x0000000000000034       0x35 obj/Debug/POKITTO_CORE/FONTS/donut7x10.o
 .comment       0x0000000000000034       0x35 obj/Debug/POKITTO_CORE/FONTS/dragon6x8.o
 .comment       0x0000000000000034       0x35 obj/Debug/POKITTO_CORE/FONTS/font3x3.o
 .comment       0x0000000000000034       0x35 obj/Debug/POKITTO_CORE/FONTS/font3x5.o
 .comment       0x0000000000000034       0x35 obj/Debug/POKITTO_CORE/FONTS/font5x7.o
 .comment       0x0000000000000034       0x35 obj/Debug/POKITTO_CORE/FONTS/karateka8x11.o
 .comment       0x0000000000000034       0x35 obj/Debug/POKITTO_CORE/FONTS/koubit7x7.o
 .comment       0x0000000000000034       0x35 obj/Debug/POKITTO_CORE/FONTS/mini4x6.o
 .comment       0x0000000000000034       0x35 obj/Debug/POKITTO_CORE/FONTS/runes6x8.o
 .comment       0x0000000000000034       0x35 obj/Debug/POKITTO_CORE/FONTS/tight4x7.o
 .comment       0x0000000000000034       0x35 obj/Debug/POKITTO_CORE/FONTS/tiny5x7.o
 .comment       0x0000000000000034       0x35 obj/Debug/POKITTO_CORE/PALETTES/palAction.o
 .comment       0x0000000000000034       0x35 obj/Debug/POKITTO_CORE/PALETTES/palCGA.o
 .comment       0x0000000000000034       0x35 obj/Debug/POKITTO_CORE/PALETTES/palDefault.o
 .comment       0x0000000000000034       0x35 obj/Debug/POKITTO_CORE/PALETTES/palGameboy.o
 .comment       0x0000000000000034       0x35 obj/Debug/POKITTO_CORE/PALETTES/palMagma.o
 .comment       0x0000000000000034       0x35 obj/Debug/POKITTO_CORE/PALETTES/palMono.o
 .comment       0x0000000000000034       0x35 obj/Debug/POKITTO_CORE/PALETTES/palPico.o
 .comment       0x0000000000000034       0x35 obj/Debug/POKITTO_CORE/PALETTES/palRainbow.o
 .comment       0x0000000000000034       0x35 obj/Debug/POKITTO_CORE/PokittoBacklight.o
 .comment       0x0000000000000034       0x35 obj/Debug/POKITTO_CORE/PokittoBattery.o