Archive member included to satisfy reference by file (symbol)

../lib/linux/libPokitto_hires.a(adventurer12x16.o)
                              obj/Debug/Hello.o (fontAdventurer)
../lib/linux/libPokitto_hires.a(palCGA.o)
                              obj/Debug/Hello.o (paletteCGA)
../lib/linux/libPokitto_hires.a(PokittoCore.o)
                              obj/Debug/Hello.o (random(int))
../lib/linux/libPokitto_hires.a(PokittoDisplay.o)
                              ../lib/linux/libPokitto_hires.a(PokittoCore.o) (Pokitto::Display::cursorX)
../lib/linux/libPokitto_hires.a(PokittoLogos.o)
                              ../lib/linux/libPokitto_hires.a(PokittoCore.o) (Pokitto_logo)
../lib/linux/libPokitto_hires.a(PokittoSound.o)
                              ../lib/linux/libPokitto_hires.a(PokittoCore.o) (Pokitto::Sound::prescaler)
../lib/linux/libPokitto_hires.a(Synth.o)
                              ../lib/linux/libPokitto_hires.a(PokittoSound.o) (osc1)
../lib/linux/libPokitto_hires.a(Synth_oscfuncs.o)
                              ../lib/linux/libPokitto_hires.a(PokittoSound.o) (setOSC(OSC*, unsigned char, unsigned char, unsigned char, unsigned char, unsigned char, unsigned char, unsigned char, unsigned short, unsigned short, unsigned short, unsigned short, short, short, unsigned char, unsigned char, unsigned char))
../lib/linux/libPokitto_hires.a(Synth_wavefuncs.o)
                              ../lib/linux/libPokitto_hires.a(Synth_oscfuncs.o) (noiseval)
../lib/linux/libPokitto_hires.a(SimLCD.o)
                              ../lib/linux/libPokitto_hires.a(PokittoDisplay.o) (Pokitto::lcdInit())
../lib/linux/libPokitto_hires.a(SimSound.o)
                              obj/Debug/POKITTO_SIM/PokittoSimulator.o (soundbyte)
../lib/linux/libPokitto_hires.a(font5x7.o)
                              ../lib/linux/libPokitto_hires.a(PokittoCore.o) (font5x7)
../lib/linux/libPokitto_hires.a(PokittoBacklight.o)
                              ../lib/linux/libPokitto_hires.a(PokittoCore.o) (Pokitto::Backlight::begin())
../lib/linux/libPokitto_hires.a(PokittoBattery.o)
                              ../lib/linux/libPokitto_hires.a(PokittoCore.o) (Pokitto::Battery::show)
../lib/linux/libPokitto_hires.a(PokittoButtons.o)
                              ../lib/linux/libPokitto_hires.a(PokittoCore.o) (Pokitto::Buttons::begin())
../lib/linux/libPokitto_hires.a(Synth_envfuncs.o)
                              ../lib/linux/libPokitto_hires.a(Synth_wavefuncs.o) (noADSR(OSC*))
../lib/linux/libPokitto_hires.a(Synth_helpers.o)
                              ../lib/linux/libPokitto_hires.a(Synth_oscfuncs.o) (xorshift16())
../lib/linux/libPokitto_hires.a(Synth_mixfuncs.o)
                              ../lib/linux/libPokitto_hires.a(Synth_wavefuncs.o) (mix1())
/usr/lib/x86_64-linux-gnu/libc_nonshared.a(elf-init.oS)
                              /usr/lib/gcc/x86_64-linux-gnu/4.8/../../../x86_64-linux-gnu/crt1.o (__libc_csu_init)

As-needed library included to satisfy reference by file (symbol)

libSDL2-2.0.so.0              obj/Debug/POKITTO_SIM/PokittoSimulator.o (SDL_AddTimer)
libwayland-server.so.0        /usr/lib/x86_64-linux-gnu/libSDL2.so (wl_shell_interface)
libstdc++.so.6                obj/Debug/POKITTO_SIM/PokittoSimulator.o (std::basic_ios<char, std::char_traits<char> >::operator void*() const@@GLIBCXX_3.4)
libgcc_s.so.1                 obj/Debug/POKITTO_SIM/PokittoSimulator.o (_Unwind_Resume@@GCC_3.0)
libc.so.6                     ../lib/linux/libPokitto_hires.a(Synth_helpers.o) (strcpy@@GLIBC_2.2.5)

Discarded input sections

 .note.GNU-stack
                0x0000000000000000        0x0 /usr/lib/gcc/x86_64-linux-gnu/4.8/../../../x86_64-linux-gnu/crt1.o
 .gnu_debuglink
                0x0000000000000000        0xc /usr/lib/gcc/x86_64-linux-gnu/4.8/../../../x86_64-linux-gnu/crt1.o
 .note.GNU-stack
                0x0000000000000000        0x0 /usr/lib/gcc/x86_64-linux-gnu/4.8/../../../x86_64-linux-gnu/crti.o
 .gnu_debuglink
                0x0000000000000000        0xc /usr/lib/gcc/x86_64-linux-gnu/4.8/../../../x86_64-linux-gnu/crti.o
 .note.GNU-stack
                0x0000000000000000        0x0 /usr/lib/gcc/x86_64-linux-gnu/4.8/crtbegin.o
 .note.GNU-stack
                0x0000000000000000        0x0 obj/Debug/Hello.o
 .note.GNU-stack
                0x0000000000000000        0x0 obj/Debug/POKITTO_SIM/Makewav.o
 .note.GNU-stack
                0x0000000000000000        0x0 obj/Debug/POKITTO_SIM/Pokitto_simport.o
 .note.GNU-stack
                0x0000000000000000        0x0 obj/Debug/POKITTO_SIM/PokittoClock.o
 .note.GNU-stack
                0x0000000000000000        0x0 obj/Debug/POKITTO_SIM/PokittoSimButtons.o
 .note.GNU-stack
                0x0000000000000000        0x0 obj/Debug/POKITTO_SIM/PokittoSimCore.o
 .note.GNU-stack
                0x0000000000000000        0x0 obj/Debug/POKITTO_SIM/PokittoSimulator.o
 .note.GNU-stack
                0x0000000000000000        0x0 ../lib/linux/libPokitto_hires.a(adventurer12x16.o)
 .note.GNU-stack
                0x0000000000000000        0x0 ../lib/linux/libPokitto_hires.a(palCGA.o)
 .note.GNU-stack
                0x0000000000000000        0x0 ../lib/linux/libPokitto_hires.a(PokittoCore.o)
 .note.GNU-stack
                0x0000000000000000        0x0 ../lib/linux/libPokitto_hires.a(PokittoDisplay.o)
 .note.GNU-stack
                0x0000000000000000        0x0 ../lib/linux/libPokitto_hires.a(PokittoLogos.o)
 .note.GNU-stack
                0x0000000000000000        0x0 ../lib/linux/libPokitto_hires.a(PokittoSound.o)
 .note.GNU-stack
                0x0000000000000000        0x0 ../lib/linux/libPokitto_hires.a(Synth.o)
 .note.GNU-stack
                0x0000000000000000        0x0 ../lib/linux/libPokitto_hires.a(Synth_oscfuncs.o)
 .note.GNU-stack
                0x0000000000000000        0x0 ../lib/linux/libPokitto_hires.a(Synth_wavefuncs.o)
 .group         0x0000000000000000        0x8 ../lib/linux/libPokitto_hires.a(SimLCD.o)
 .group         0x0000000000000000        0x8 ../lib/linux/libPokitto_hires.a(SimLCD.o)
 .group         0x0000000000000000        0x8 ../lib/linux/libPokitto_hires.a(SimLCD.o)
 .note.GNU-stack
                0x0000000000000000        0x0 ../lib/linux/libPokitto_hires.a(SimLCD.o)
 .note.GNU-stack
                0x0000000000000000        0x0 ../lib/linux/libPokitto_hires.a(SimSound.o)
 .note.GNU-stack
                0x0000000000000000        0x0 ../lib/linux/libPokitto_hires.a(font5x7.o)
 .note.GNU-stack
                0x0000000000000000        0x0 ../lib/linux/libPokitto_hires.a(PokittoBacklight.o)
 .note.GNU-stack
                0x0000000000000000        0x0 ../lib/linux/libPokitto_hires.a(PokittoBattery.o)
 .note.GNU-stack
                0x0000000000000000        0x0 ../lib/linux/libPokitto_hires.a(PokittoButtons.o)
 .note.GNU-stack
                0x0000000000000000        0x0 ../lib/linux/libPokitto_hires.a(Synth_envfuncs.o)
 .note.GNU-stack
                0x0000000000000000        0x0 ../lib/linux/libPokitto_hires.a(Synth_helpers.o)
 .note.GNU-stack
                0x0000000000000000        0x0 ../lib/linux/libPokitto_hires.a(Synth_mixfuncs.o)
 .note.GNU-stack
                0x0000000000000000        0x0 /usr/lib/x86_64-linux-gnu/libc_nonshared.a(elf-init.oS)
 .note.GNU-stack
                0x0000000000000000        0x0 /usr/lib/gcc/x86_64-linux-gnu/4.8/crtend.o
 .note.GNU-stack
                0x0000000000000000        0x0 /usr/lib/gcc/x86_64-linux-gnu/4.8/../../../x86_64-linux-gnu/crtn.o
 .gnu_debuglink
                0x0000000000000000        0xc /usr/lib/gcc/x86_64-linux-gnu/4.8/../../../x86_64-linux-gnu/crtn.o

Memory Configuration

Name             Origin             Length             Attributes
*default*        0x0000000000000000 0xffffffffffffffff

Linker script and memory map

LOAD /usr/lib/gcc/x86_64-linux-gnu/4.8/../../../x86_64-linux-gnu/crt1.o
LOAD /usr/lib/gcc/x86_64-linux-gnu/4.8/../../../x86_64-linux-gnu/crti.o
LOAD /usr/lib/gcc/x86_64-linux-gnu/4.8/crtbegin.o
LOAD obj/Debug/Hello.o
LOAD obj/Debug/POKITTO_SIM/Makewav.o
LOAD obj/Debug/POKITTO_SIM/Pokitto_simport.o
LOAD obj/Debug/POKITTO_SIM/PokittoClock.o
LOAD obj/Debug/POKITTO_SIM/PokittoSimButtons.o
LOAD obj/Debug/POKITTO_SIM/PokittoSimCore.o
LOAD obj/Debug/POKITTO_SIM/PokittoSimulator.o
LOAD ../lib/linux/libPokitto_hires.a
LOAD /usr/lib/x86_64-linux-gnu/libpulse-mainloop-glib.so
LOAD /usr/lib/x86_64-linux-gnu/libpulse-simple.so
LOAD /usr/lib/x86_64-linux-gnu/libpulse.so
LOAD /usr/lib/x86_64-linux-gnu/libdl.so
LOAD /usr/lib/x86_64-linux-gnu/libSDL2.so
LOAD /usr/lib/x86_64-linux-gnu/libwayland-server.so
LOAD /usr/lib/x86_64-linux-gnu/libwayland-client.so
LOAD /usr/lib/x86_64-linux-gnu/libasound.so
LOAD /usr/lib/x86_64-linux-gnu/libwayland-cursor.so
LOAD /usr/lib/gcc/x86_64-linux-gnu/4.8/libstdc++.so
LOAD /usr/lib/gcc/x86_64-linux-gnu/4.8/../../../x86_64-linux-gnu/libm.so
LOAD /usr/lib/gcc/x86_64-linux-gnu/4.8/libgcc_s.so
LOAD /usr/lib/gcc/x86_64-linux-gnu/4.8/libgcc.a
LOAD /usr/lib/gcc/x86_64-linux-gnu/4.8/../../../x86_64-linux-gnu/libc.so
START GROUP
LOAD /lib/x86_64-linux-gnu/libc.so.6
LOAD /usr/lib/x86_64-linux-gnu/libc_nonshared.a
LOAD /lib/x86_64-linux-gnu/ld-linux-x86-64.so.2
END GROUP
LOAD /usr/lib/gcc/x86_64-linux-gnu/4.8/libgcc_s.so
LOAD /usr/lib/gcc/x86_64-linux-gnu/4.8/libgcc.a
LOAD /usr/lib/gcc/x86_64-linux-gnu/4.8/crtend.o
LOAD /usr/lib/gcc/x86_64-linux-gnu/4.8/../../../x86_64-linux-gnu/crtn.o
                0x0000000000400000                PROVIDE (__executable_start, 0x400000)
                0x0000000000400238                . = (0x400000 + SIZEOF_HEADERS)

.interp         0x0000000000400238       0x1c
 *(.interp)
 .interp        0x0000000000400238       0x1c /usr/lib/gcc/x86_64-linux-gnu/4.8/../../../x86_64-linux-gnu/crt1.o

.note.ABI-tag   0x0000000000400254       0x20
 .note.ABI-tag  0x0000000000400254       0x20 /usr/lib/gcc/x86_64-linux-gnu/4.8/../../../x86_64-linux-gnu/crt1.o

.note.gnu.build-id
                0x0000000000400274       0x24
 *(.note.gnu.build-id)
 .note.gnu.build-id
                0x0000000000400274       0x24 /usr/lib/gcc/x86_64-linux-gnu/4.8/../../../x86_64-linux-gnu/crt1.o

.hash
 *(.hash)

.gnu.hash       0x0000000000400298       0x50
 *(.gnu.hash)
 .gnu.hash      0x0000000000400298       0x50 /usr/lib/gcc/x86_64-linux-gnu/4.8/../../../x86_64-linux-gnu/crt1.o

.dynsym         0x00000000004002e8      0x690
 *(.dynsym)
 .dynsym        0x00000000004002e8      0x690 /usr/lib/gcc/x86_64-linux-gnu/4.8/../../../x86_64-linux-gnu/crt1.o

.dynstr         0x0000000000400978      0x550
 *(.dynstr)
 .dynstr        0x0000000000400978      0x550 /usr/lib/gcc/x86_64-linux-gnu/4.8/../../../x86_64-linux-gnu/crt1.o

.gnu.version    0x0000000000400ec8       0x8c
 *(.gnu.version)
 .gnu.version   0x0000000000400ec8       0x8c /usr/lib/gcc/x86_64-linux-gnu/4.8/../../../x86_64-linux-gnu/crt1.o

.gnu.version_d  0x0000000000400f58        0x0
 *(.gnu.version_d)
 .gnu.version_d
                0x0000000000000000        0x0 /usr/lib/gcc/x86_64-linux-gnu/4.8/../../../x86_64-linux-gnu/crt1.o

.gnu.version_r  0x0000000000400f58       0xa0
 *(.gnu.version_r)
 .gnu.version_r
                0x0000000000400f58       0xa0 /usr/lib/gcc/x86_64-linux-gnu/4.8/../../../x86_64-linux-gnu/crt1.o

.rela.dyn       0x0000000000400ff8       0x48
 *(.rela.init)
 *(.rela.text .rela.text.* .rela.gnu.linkonce.t.*)
 .rela.text     0x0000000000000000        0x0 /usr/lib/gcc/x86_64-linux-gnu/4.8/../../../x86_64-linux-gnu/crt1.o
 *(.rela.fini)
 *(.rela.rodata .rela.rodata.* .rela.gnu.linkonce.r.*)
 .rela.rodata   0x0000000000000000        0x0 /usr/lib/gcc/x86_64-linux-gnu/4.8/../../../x86_64-linux-gnu/crt1.o
 *(.rela.data .rela.data.* .rela.gnu.linkonce.d.*)
 .rela.data     0x0000000000000000        0x0 /usr/lib/gcc/x86_64-linux-gnu/4.8/../../../x86_64-linux-gnu/crt1.o
 *(.rela.tdata .rela.tdata.* .rela.gnu.linkonce.td.*)
 *(.rela.tbss .rela.tbss.* .rela.gnu.linkonce.tb.*)
 *(.rela.ctors)
 *(.rela.dtors)
 *(.rela.got)
 .rela.got      0x0000000000400ff8       0x18 /usr/lib/gcc/x86_64-linux-gnu/4.8/../../../x86_64-linux-gnu/crt1.o
 *(.rela.bss .rela.bss.* .rela.gnu.linkonce.b.*)
 .rela.bss      0x0000000000401010       0x30 /usr/lib/gcc/x86_64-linux-gnu/4.8/../../../x86_64-linux-gnu/crt1.o
 *(.rela.ldata .rela.ldata.* .rela.gnu.linkonce.l.*)
 *(.rela.lbss .rela.lbss.* .rela.gnu.linkonce.lb.*)
 *(.rela.lrodata .rela.lrodata.* .rela.gnu.linkonce.lr.*)
 *(.rela.ifunc)
 .rela.eh_frame
                0x0000000000000000        0x0 /usr/lib/gcc/x86_64-linux-gnu/4.8/../../../x86_64-linux-gnu/crt1.o

.rela.plt       0x0000000000401040      0x588
 *(.rela.plt)
 .rela.plt      0x0000000000401040      0x588 /usr/lib/gcc/x86_64-linux-gnu/4.8/../../../x86_64-linux-gnu/crt1.o
                0x00000000004015c8                PROVIDE (__rela_iplt_start, .)
 *(.rela.iplt)
 .rela.iplt     0x0000000000000000        0x0 /usr/lib/gcc/x86_64-linux-gnu/4.8/../../../x86_64-linux-gnu/crt1.o
                0x00000000004015c8                PROVIDE (__rela_iplt_end, .)

.init           0x00000000004015c8       0x1a
 *(SORT(.init))
 .init          0x00000000004015c8       0x15 /usr/lib/gcc/x86_64-linux-gnu/4.8/../../../x86_64-linux-gnu/crti.o
                0x00000000004015c8                _init
 .init          0x00000000004015dd        0x5 /usr/lib/gcc/x86_64-linux-gnu/4.8/../../../x86_64-linux-gnu/crtn.o

.plt            0x00000000004015f0      0x3c0
 *(.plt)
 .plt           0x00000000004015f0      0x3c0 /usr/lib/gcc/x86_64-linux-gnu/4.8/../../../x86_64-linux-gnu/crt1.o
                0x0000000000401600                ftell@@GLIBC_2.2.5
                0x0000000000401610                SDL_DestroyWindow
                0x0000000000401620                SDL_CreateRenderer
                0x0000000000401630                printf@@GLIBC_2.2.5
                0x0000000000401640                SDL_CreateWindow
                0x0000000000401650                SDL_Quit
                0x0000000000401660                SDL_RenderPresent
                0x0000000000401670                SDL_AddTimer
                0x0000000000401680                rand@@GLIBC_2.2.5
                0x0000000000401690                std::basic_istream<char, std::char_traits<char> >& std::getline<char, std::char_traits<char>, std::allocator<char> >(std::basic_istream<char, std::char_traits<char> >&, std::basic_string<char, std::char_traits<char>, std::allocator<char> >&)@@GLIBCXX_3.4
                0x00000000004016a0                std::string::operator[](unsigned long)@@GLIBCXX_3.4
                0x00000000004016b0                SDL_memset
                0x00000000004016c0                SDL_RWFromFile
                0x00000000004016d0                std::basic_ostream<char, std::char_traits<char> >& std::endl<char, std::char_traits<char> >(std::basic_ostream<char, std::char_traits<char> >&)@@GLIBCXX_3.4
                0x00000000004016e0                memset@@GLIBC_2.2.5
                0x00000000004016f0                SDL_PollEvent
                0x0000000000401700                __assert_fail@@GLIBC_2.2.5
                0x0000000000401710                SDL_Delay
                0x0000000000401720                SDL_GetError
                0x0000000000401730                SDL_UpdateTexture
                0x0000000000401740                SDL_PauseAudio
                0x0000000000401750                __cxa_atexit@@GLIBC_2.2.5
                0x0000000000401760                SDL_Init
                0x0000000000401770                std::basic_string<char, std::char_traits<char>, std::allocator<char> >::basic_string()@@GLIBCXX_3.4
                0x0000000000401780                SDL_LoadBMP_RW
                0x0000000000401790                SDL_InitSubSystem
                0x00000000004017a0                SDL_FreeSurface
                0x00000000004017b0                strcpy@@GLIBC_2.2.5
                0x00000000004017c0                SDL_RenderClear
                0x00000000004017d0                srand@@GLIBC_2.2.5
                0x00000000004017e0                std::basic_ostream<char, std::char_traits<char> >& std::operator<< <std::char_traits<char> >(std::basic_ostream<char, std::char_traits<char> >&, char const*)@@GLIBCXX_3.4
                0x00000000004017f0                fclose@@GLIBC_2.2.5
                0x0000000000401800                SDL_GetTicks
                0x0000000000401810                std::ostream::operator<<(std::ostream& (*)(std::ostream&))@@GLIBCXX_3.4
                0x0000000000401820                SDL_GameControllerClose
                0x0000000000401830                fseek@@GLIBC_2.2.5
                0x0000000000401840                __stack_chk_fail@@GLIBC_2.4
                0x0000000000401850                SDL_RenderCopy
                0x0000000000401860                fopen@@GLIBC_2.2.5
                0x0000000000401870                exit@@GLIBC_2.2.5
                0x0000000000401880                SDL_OpenAudioDevice
                0x0000000000401890                SDL_PauseAudioDevice
                0x00000000004018a0                SDL_CreateTextureFromSurface
                0x00000000004018b0                std::ios_base::Init::Init()@@GLIBCXX_3.4
                0x00000000004018c0                puts@@GLIBC_2.2.5
                0x00000000004018d0                std::basic_ios<char, std::char_traits<char> >::operator void*() const@@GLIBCXX_3.4
                0x00000000004018e0                fgetc@@GLIBC_2.2.5
                0x00000000004018f0                std::basic_string<char, std::char_traits<char>, std::allocator<char> >::~basic_string()@@GLIBCXX_3.4
                0x0000000000401900                std::basic_ostringstream<char, std::char_traits<char>, std::allocator<char> >::basic_ostringstream(std::_Ios_Openmode)@@GLIBCXX_3.4
                0x0000000000401910                __gxx_personality_v0@@CXXABI_1.3
                0x0000000000401920                __pthread_key_create@@GLIBC_2.2.5
                0x0000000000401930                _Unwind_Resume@@GCC_3.0
                0x0000000000401940                SDL_CreateTexture
                0x0000000000401950                __libc_start_main@@GLIBC_2.2.5
                0x0000000000401970                std::string::length() const@@GLIBCXX_3.4
                0x0000000000401980                fwrite@@GLIBC_2.2.5
                0x0000000000401990                std::basic_ostringstream<char, std::char_traits<char>, std::allocator<char> >::~basic_ostringstream()@@GLIBCXX_3.4
                0x00000000004019a0                std::ios_base::Init::~Init()@@GLIBCXX_3.4
 *(.iplt)
 .iplt          0x0000000000000000        0x0 /usr/lib/gcc/x86_64-linux-gnu/4.8/../../../x86_64-linux-gnu/crt1.o

.text           0x00000000004019b0     0xc802
 *(.text.unlikely .text.*_unlikely .text.unlikely.*)
 *(.text.exit .text.exit.*)
 *(.text.startup .text.startup.*)
 *(.text.hot .text.hot.*)
 *(.text .stub .text.* .gnu.linkonce.t.*)
 .text          0x00000000004019b0       0x2a /usr/lib/gcc/x86_64-linux-gnu/4.8/../../../x86_64-linux-gnu/crt1.o
                0x00000000004019b0                _start
 .text          0x00000000004019da        0x0 /usr/lib/gcc/x86_64-linux-gnu/4.8/../../../x86_64-linux-gnu/crti.o
 *fill*         0x00000000004019da        0x6 
 .text          0x00000000004019e0       0xbd /usr/lib/gcc/x86_64-linux-gnu/4.8/crtbegin.o
 .text          0x0000000000401a9d       0xd4 obj/Debug/Hello.o
                0x0000000000401a9d                main
 .text          0x0000000000401b71      0x2e9 obj/Debug/POKITTO_SIM/Makewav.o
                0x0000000000401b71                write_little_endian(unsigned int, int, _IO_FILE*)
                0x0000000000401bbb                write_wav(char*, char*, int)
 .text          0x0000000000401e5a        0x9 obj/Debug/POKITTO_SIM/Pokitto_simport.o
                0x0000000000401e5a                ext_write(unsigned int)
 *fill*         0x0000000000401e63        0x1 
 .text          0x0000000000401e64       0x68 obj/Debug/POKITTO_SIM/PokittoClock.o
                0x0000000000401e64                Pokitto::Core::initClock()
                0x0000000000401e76                Pokitto::Core::getTime()
                0x0000000000401e92                Pokitto::Core::wait(unsigned short)
 .text          0x0000000000401ecc      0x524 obj/Debug/POKITTO_SIM/PokittoSimButtons.o
                0x0000000000401ecc                Pokitto::Simulator::pollButtons()
                0x0000000000402136                Pokitto::Simulator::upHeld()
                0x000000000040215a                Pokitto::Simulator::downHeld()
                0x000000000040217e                Pokitto::Simulator::leftHeld()
                0x00000000004021a2                Pokitto::Simulator::rightHeld()
                0x00000000004021c6                Pokitto::Simulator::aHeld()
                0x00000000004021ea                Pokitto::Simulator::bHeld()
                0x000000000040220e                Pokitto::Simulator::cHeld()
                0x0000000000402232                Pokitto::Simulator::upReleased()
                0x0000000000402256                Pokitto::Simulator::downReleased()
                0x000000000040227a                Pokitto::Simulator::leftReleased()
                0x000000000040229e                Pokitto::Simulator::rightReleased()
                0x00000000004022c2                Pokitto::Simulator::aReleased()
                0x00000000004022e6                Pokitto::Simulator::bReleased()
                0x000000000040230a                Pokitto::Simulator::cReleased()
                0x000000000040232e                Pokitto::Simulator::leftBtn()
                0x000000000040233e                Pokitto::Simulator::rightBtn()
                0x000000000040234e                Pokitto::Simulator::upBtn()
                0x000000000040235e                Pokitto::Simulator::downBtn()
                0x000000000040236e                Pokitto::Simulator::aBtn()
                0x000000000040237e                Pokitto::Simulator::bBtn()
                0x000000000040238e                Pokitto::Simulator::cBtn()
 .text          0x00000000004023f0       0xb9 obj/Debug/POKITTO_SIM/PokittoSimCore.o
                0x00000000004023f0                Pokitto::Core::quit()
                0x00000000004023fe                Pokitto::Core::initRandom()
                0x0000000000402404                Pokitto::Core::initGPIO()
                0x000000000040240a                Pokitto::Core::initAudio()
                0x0000000000402410                Pokitto::Core::pollButtons()
                0x000000000040241c                Pokitto::Core::aBtn()
                0x0000000000402428                Pokitto::Core::bBtn()
                0x0000000000402434                Pokitto::Core::cBtn()
                0x0000000000402440                Pokitto::Core::upBtn()
                0x000000000040244c                Pokitto::Core::downBtn()
                0x0000000000402458                Pokitto::Core::leftBtn()
                0x0000000000402464                Pokitto::Core::rightBtn()
                0x0000000000402470                Pokitto::Core::ampIsOn()
                0x0000000000402486                Pokitto::Core::ampEnable(unsigned char)
 *fill*         0x00000000004024a9        0x1 
 .text          0x00000000004024aa      0xb42 obj/Debug/POKITTO_SIM/PokittoSimulator.o
                0x00000000004024aa                PromptForChar(char const*, char&)
                0x00000000004025ab                rfrsh_callback(unsigned int, void*)
                0x00000000004025d2                Pokitto::Simulator::Simulator()
                0x00000000004025d2                Pokitto::Simulator::Simulator()
                0x00000000004025fc                Pokitto::Simulator::wait_ms(unsigned short)
                0x0000000000402618                Pokitto::Simulator::initSDLGfx()
                0x00000000004028d0                Pokitto::Simulator::waitSDL(unsigned short)
                0x00000000004028ec                Pokitto::Simulator::quit()
                0x000000000040290a                Pokitto::Simulator::isRunning()
                0x000000000040291c                Pokitto::Simulator::refreshDisplay()
                0x0000000000402af0                Pokitto::Simulator::directSDLPixel(short, short, unsigned short)
                0x0000000000402b58                Pokitto::Simulator::directSDLRectangle(short, short, short, short, unsigned short)
                0x0000000000402c22                Pokitto::Simulator::fillSDLSurface(unsigned short)
                0x0000000000402c5a                Pokitto::Simulator::killSound()
                0x0000000000402c7a                Pokitto::Simulator::CleanUp()
                0x0000000000402d8f                simAudioCallback(void*, unsigned char*, int)
                0x0000000000402e02                Pokitto::Simulator::initSDLAudio()
                0x0000000000402f3a                Pokitto::Simulator::pauseSDLAudio(unsigned char)
                0x0000000000402f58                Pokitto::Simulator::simSoundEnabled(int)
                0x0000000000402f7c                Pokitto::Simulator::simSoundIsOn()
 .text          0x0000000000402fec        0x0 ../lib/linux/libPokitto_hires.a(adventurer12x16.o)
 .text          0x0000000000402fec        0x0 ../lib/linux/libPokitto_hires.a(palCGA.o)
 .text          0x0000000000402fec     0x14ba ../lib/linux/libPokitto_hires.a(PokittoCore.o)
                0x0000000000402fec                random(int)
                0x0000000000403008                random(int, int)
                0x0000000000403032                Pokitto::Core::Core()
                0x0000000000403032                Pokitto::Core::Core()
                0x000000000040303c                Pokitto::Core::begin()
                0x000000000040308c                Pokitto::Core::init()
                0x00000000004030bc                Pokitto::Core::init(unsigned char)
                0x00000000004030f6                Pokitto::Core::initButtons()
                0x00000000004030fc                Pokitto::Core::isRunning()
                0x000000000040311a                Pokitto::Core::initDisplay()
                0x0000000000403126                Pokitto::Core::showLogo()
                0x00000000004032b0                Pokitto::Core::readSettings()
                0x00000000004032cc                Pokitto::Core::titleScreen(char const*)
                0x00000000004032ec                Pokitto::Core::titleScreen(unsigned char const*)
                0x000000000040330c                Pokitto::Core::titleScreen()
                0x000000000040331c                Pokitto::Core::titleScreen(char const*, unsigned char const*)
                0x000000000040353c                Pokitto::Core::update()
                0x0000000000403602                Pokitto::Core::displayBattery()
                0x0000000000403736                Pokitto::Core::menu(char const* const*, unsigned char)
                0x00000000004039c4                Pokitto::Core::keyboard(char*, unsigned char)
                0x0000000000403fae                Pokitto::Core::popup(char const*, unsigned char)
                0x0000000000403fd6                Pokitto::Core::updatePopup()
                0x00000000004040ea                Pokitto::Core::setFrameRate(unsigned char)
                0x0000000000404150                Pokitto::Core::pickRandomSeed()
                0x0000000000404162                Pokitto::Core::collidePointRect(short, short, short, short, short, short)
                0x00000000004041ca                Pokitto::Core::collideRectRect(short, short, short, short, short, short, short, short)
                0x0000000000404254                Pokitto::Core::collideBitmapBitmap(short, short, unsigned char const*, short, short, unsigned char const*)
 .text          0x00000000004044a6     0x5097 ../lib/linux/libPokitto_hires.a(PokittoDisplay.o)
                0x00000000004044a6                Pokitto::Display::Display()
                0x00000000004044a6                Pokitto::Display::Display()
                0x0000000000404500                Pokitto::Display::getWidth()
                0x0000000000404510                Pokitto::Display::getNumberOfColors()
                0x000000000040451c                Pokitto::Display::getHeight()
                0x000000000040452c                Pokitto::Display::getColorDepth()
                0x000000000040453a                Pokitto::Display::setColorDepth(unsigned char)
                0x000000000040455a                Pokitto::Display::clearLCD()
                0x000000000040457a                Pokitto::Display::fillLCD(unsigned short)
                0x0000000000404596                Pokitto::Display::directPixel(short, short, unsigned short)
                0x00000000004045c6                Pokitto::Display::directRectangle(short, short, short, short, unsigned short)
                0x0000000000404608                Pokitto::Display::begin()
                0x0000000000404614                Pokitto::Display::setCursor(short, short)
                0x000000000040463a                Pokitto::Display::update()
                0x000000000040466a                Pokitto::Display::directBitmap(short, short, unsigned char const*, unsigned char, unsigned char)
                0x0000000000404a12                Pokitto::Display::directChar(short, short, unsigned short)
                0x0000000000404bb6                Pokitto::Display::bufferChar(short, short, unsigned short)
                0x0000000000404d44                Pokitto::Display::clear()
                0x0000000000404dfe                Pokitto::Display::fillScreen(unsigned short)
                0x0000000000404e9e                Pokitto::Display::setDefaultPalette()
                0x0000000000404eae                Pokitto::Display::loadRGBPalette(unsigned char const*)
                0x0000000000404f44                Pokitto::Display::load565Palette(unsigned short const*)
                0x0000000000404f8c                Pokitto::Display::rotatePalette(signed char)
                0x00000000004050ba                Pokitto::Display::RGBto565(unsigned char, unsigned char, unsigned char)
                0x000000000040510a                Pokitto::Display::interpolateColor(unsigned short, unsigned short, unsigned char)
                0x000000000040523e                Pokitto::Display::tweenPalette(unsigned short*, unsigned short const*, unsigned short const*, unsigned char)
                0x00000000004052c0                Pokitto::Display::setColor(unsigned char)
                0x00000000004052da                Pokitto::Display::setColor(unsigned char, unsigned char)
                0x0000000000405306                Pokitto::Display::setInvisibleColor(unsigned short)
                0x000000000040531e                Pokitto::Display::getColor()
                0x000000000040532c                Pokitto::Display::getBgColor()
                0x000000000040533a                Pokitto::Display::getInvisibleColor()
                0x0000000000405348                Pokitto::Display::drawPixel(short, short, unsigned char)
                0x000000000040546a                Pokitto::Display::drawPixel(short, short)
                0x000000000040557a                Pokitto::Display::getPixel(short, short)
                0x0000000000405634                Pokitto::Display::drawLine(short, short, short, short)
                0x000000000040587c                Pokitto::Display::clipLine(short*, short*, short*, short*)
                0x0000000000405bf4                Pokitto::Display::map1BitColumn(short, short, short, unsigned char const*, unsigned short)
                0x0000000000405db6                Pokitto::Display::drawColumn(short, short, short)
                0x0000000000405e56                Pokitto::Display::drawRow(short, short, short)
                0x0000000000405ef4                Pokitto::Display::drawFastVLine(short, short, short)
                0x0000000000405f4c                Pokitto::Display::drawFastHLine(short, short, short)
                0x0000000000405fa6                Pokitto::Display::drawRectangle(short, short, short, short)
                0x000000000040604a                Pokitto::Display::fillRectangle(short, short, short, short)
                0x000000000040617e                Pokitto::Display::fillRect(short, short, short, short)
                0x00000000004061b2                Pokitto::Display::drawRect(short, short, short, short)
                0x00000000004061e6                Pokitto::Display::drawCircle(short, short, short)
                0x0000000000406418                Pokitto::Display::drawCircleHelper(short, short, short, unsigned short)
                0x0000000000406610                Pokitto::Display::fillCircle(short, short, short)
                0x000000000040666e                Pokitto::Display::fillCircleHelper(short, short, short, unsigned short, short)
                0x0000000000406810                Pokitto::Display::drawRoundRect(short, short, short, short, short)
                0x00000000004069fc                Pokitto::Display::fillRoundRect(short, short, short, short, short)
                0x0000000000406b12                Pokitto::Display::drawTriangle(short, short, short, short, short, short)
                0x0000000000406b80                Pokitto::Display::fillTriangle(short, short, short, short, short, short)
                0x0000000000406f0e                Pokitto::Display::setFont(unsigned char const*)
                0x0000000000406f4e                Pokitto::Display::drawMonoBitmap(short, short, unsigned char const*, unsigned char)
                0x00000000004072a4                Pokitto::Display::drawBitmap(short, short, unsigned char const*, unsigned char)
                0x0000000000407952                Pokitto::Display::drawBitmap(short, short, unsigned char const*)
                0x0000000000407fd6                Pokitto::Display::drawBitmapXFlipped(short, short, unsigned char const*)
                0x000000000040867c                Pokitto::Display::drawBitmap(short, short, unsigned char const*, unsigned char, unsigned char)
                0x00000000004086d0                Pokitto::Display::getBuffer()
                0x00000000004086de                Pokitto::Display::getBitmapPixel(unsigned char const*, unsigned short, unsigned short)
                0x000000000040874a                Pokitto::Display::print_char(unsigned char, unsigned char, unsigned char)
                0x00000000004087aa                Pokitto::Display::drawChar(signed char, signed char, unsigned char, unsigned char)
                0x00000000004087e0                Pokitto::Display::enableDirectPrinting(unsigned char)
                0x0000000000408830                Pokitto::Display::write(unsigned char)
                0x000000000040898e                Pokitto::Display::inc_txtline()
                0x00000000004089ea                Pokitto::Display::write(char const*)
                0x0000000000408a1e                Pokitto::Display::write(unsigned char const*, unsigned char)
                0x0000000000408a60                Pokitto::Display::print(char const*)
                0x0000000000408a7a                Pokitto::Display::print(char, int)
                0x0000000000408a9e                Pokitto::Display::print(unsigned char, int)
                0x0000000000408ac2                Pokitto::Display::print(int, int)
                0x0000000000408ae4                Pokitto::Display::print(unsigned int, int)
                0x0000000000408b04                Pokitto::Display::print(long, int)
                0x0000000000408b72                Pokitto::Display::print(unsigned long, int)
                0x0000000000408bae                Pokitto::Display::print(double, int)
                0x0000000000408bda                Pokitto::Display::println()
                0x0000000000408bfe                Pokitto::Display::println(char const*)
                0x0000000000408c1e                Pokitto::Display::println(char, int)
                0x0000000000408c46                Pokitto::Display::println(unsigned char, int)
                0x0000000000408c6e                Pokitto::Display::println(int, int)
                0x0000000000408c92                Pokitto::Display::println(unsigned int, int)
                0x0000000000408cb6                Pokitto::Display::println(long, int)
                0x0000000000408cde                Pokitto::Display::println(unsigned long, int)
                0x0000000000408d06                Pokitto::Display::println(double, int)
                0x0000000000408d34                Pokitto::Display::set_cursor(unsigned char, unsigned char)
                0x0000000000408d58                Pokitto::Display::print(unsigned char, unsigned char, char const*)
                0x0000000000408d90                Pokitto::Display::print(unsigned char, unsigned char, char, int)
                0x0000000000408dd0                Pokitto::Display::print(unsigned char, unsigned char, unsigned char, int)
                0x0000000000408e10                Pokitto::Display::print(unsigned char, unsigned char, int, int)
                0x0000000000408e50                Pokitto::Display::print(unsigned char, unsigned char, unsigned int, int)
                0x0000000000408e8e                Pokitto::Display::print(unsigned char, unsigned char, long, int)
                0x0000000000408ece                Pokitto::Display::print(unsigned char, unsigned char, unsigned long, int)
                0x0000000000408f0e                Pokitto::Display::print(unsigned char, unsigned char, double, int)
                0x0000000000408f56                Pokitto::Display::println(unsigned char, unsigned char, char const*)
                0x0000000000408f94                Pokitto::Display::println(unsigned char, unsigned char, char, int)
                0x0000000000408fd8                Pokitto::Display::println(unsigned char, unsigned char, unsigned char, int)
                0x000000000040901c                Pokitto::Display::println(unsigned char, unsigned char, int, int)
                0x000000000040905e                Pokitto::Display::println(unsigned char, unsigned char, unsigned int, int)
                0x00000000004090a0                Pokitto::Display::println(unsigned char, unsigned char, long, int)
                0x00000000004090e4                Pokitto::Display::println(unsigned char, unsigned char, unsigned long, int)
                0x0000000000409128                Pokitto::Display::println(unsigned char, unsigned char, double, int)
                0x0000000000409174                Pokitto::Display::printNumber(unsigned long, unsigned char)
                0x0000000000409266                Pokitto::Display::printFloat(double, unsigned char)
                0x00000000004093f4                Pokitto::Display::draw4BitColumn(short, short, unsigned char, unsigned char*)
                0x0000000000409504                Pokitto::Display::lcdRefresh(unsigned char*)
                0x0000000000409528                Pokitto::Display::setFrameBufferTo(unsigned char*)
 .text          0x000000000040953d        0x0 ../lib/linux/libPokitto_hires.a(PokittoLogos.o)
 *fill*         0x000000000040953d        0x1 
 .text          0x000000000040953e      0x44a ../lib/linux/libPokitto_hires.a(PokittoSound.o)
                0x000000000040953e                Pokitto::audio_IRQ()
                0x0000000000409544                Pokitto::Sound::updateStream()
                0x000000000040954a                Pokitto::Sound::begin()
                0x0000000000409556                Pokitto::Sound::playTrack(unsigned short const*, unsigned char)
                0x0000000000409566                Pokitto::Sound::stopTrack(unsigned char)
                0x0000000000409572                Pokitto::Sound::stopTrack()
                0x0000000000409578                Pokitto::Sound::updateTrack(unsigned char)
                0x0000000000409584                Pokitto::Sound::updateTrack()
                0x000000000040958a                Pokitto::Sound::changePatternSet(unsigned short const* const*, unsigned char)
                0x000000000040959a                Pokitto::Sound::playPattern(unsigned short const*, unsigned char)
                0x00000000004095aa                Pokitto::Sound::updatePattern()
                0x00000000004095b0                Pokitto::Sound::changeInstrumentSet(unsigned short const* const*, unsigned char)
                0x00000000004095c0                Pokitto::Sound::updatePattern(unsigned char)
                0x00000000004095cc                Pokitto::Sound::stopPattern(unsigned char)
                0x00000000004095d8                Pokitto::Sound::stopPattern()
                0x00000000004095de                Pokitto::Sound::command(unsigned char, unsigned char, signed char, unsigned char)
                0x00000000004095f4                Pokitto::Sound::playNote(unsigned char, unsigned char, unsigned char)
                0x0000000000409608                Pokitto::Sound::stopNote(unsigned char)
                0x0000000000409614                Pokitto::Sound::stopNote()
                0x000000000040961a                Pokitto::Sound::updateNote()
                0x0000000000409620                Pokitto::Sound::updateNote(unsigned char)
                0x000000000040962c                Pokitto::Sound::setChannelHalfPeriod(unsigned char, unsigned char)
                0x000000000040963c                Pokitto::Sound::generateOutput()
                0x0000000000409642                Pokitto::Sound::updateOutput()
                0x0000000000409648                Pokitto::Sound::setPatternLooping(bool, unsigned char)
                0x0000000000409658                Pokitto::Sound::playOK()
                0x000000000040965e                Pokitto::Sound::playCancel()
                0x0000000000409664                Pokitto::Sound::playTick()
                0x000000000040966a                Pokitto::Sound::setVolume(signed char)
                0x0000000000409676                Pokitto::Sound::getVolume()
                0x0000000000409682                Pokitto::Sound::setVolume(signed char, unsigned char)
                0x0000000000409692                Pokitto::Sound::getVolume(unsigned char)
                0x00000000004096a2                Pokitto::Sound::playTone(unsigned char, int, unsigned char, unsigned char, unsigned char)
                0x0000000000409876                Pokitto::Sound::playTone(unsigned char, unsigned short, unsigned char, unsigned int)
                0x000000000040991c                Pokitto::Sound::ampIsOn()
                0x0000000000409928                Pokitto::Sound::ampEnable(unsigned char)
                0x0000000000409942                Pokitto::Sound::playMusicStream(char*)
                0x0000000000409962                Pokitto::Sound::playMusicStream()
                0x0000000000409968                Pokitto::Sound::pauseMusicStream()
                0x0000000000409974                Pokitto::Sound::playMusicStream(char*, unsigned char)
 .text          0x0000000000409988       0x67 ../lib/linux/libPokitto_hires.a(Synth.o)
 .text          0x00000000004099ef      0xc94 ../lib/linux/libPokitto_hires.a(Synth_oscfuncs.o)
                0x00000000004099ef                setOSC(OSC*, unsigned char, unsigned char, unsigned char, unsigned char, unsigned char, unsigned char, unsigned char, unsigned short, unsigned short, unsigned short, unsigned short, short, short, unsigned char, unsigned char, unsigned char)
                0x0000000000409ceb                setOSC(OSC*, unsigned char, unsigned char, unsigned short, unsigned char, unsigned int)
                0x0000000000409e4c                emptyOscillators()
                0x0000000000409fc3                testOsc()
                0x000000000040a141                playNote(unsigned char, unsigned char, unsigned char)
                0x000000000040a42a                makeSampleInstruments()
 .text          0x000000000040a683      0x147 ../lib/linux/libPokitto_hires.a(Synth_wavefuncs.o)
                0x000000000040a683                waveoff(OSC*)
                0x000000000040a697                sqwave(OSC*)
                0x000000000040a6c4                sawwave(OSC*)
                0x000000000040a6e1                triwave(OSC*)
                0x000000000040a722                noise(OSC*)
                0x000000000040a776                tonenoise(OSC*)
                0x000000000040a7c0                sample(OSC*)
 .text          0x000000000040a7ca     0x2c3a ../lib/linux/libPokitto_hires.a(SimLCD.o)
                0x000000000040a7ca                Pokitto::lcdInit()
                0x000000000040a7e4                Pokitto::lcdFillSurface(unsigned short)
                0x000000000040a809                Pokitto::lcdClear()
                0x000000000040a81e                Pokitto::lcdPixel(short, short, unsigned short)
                0x000000000040a850                Pokitto::lcdRectangle(short, short, short, short, unsigned short)
                0x000000000040a899                Pokitto::blitWord(unsigned short)
                0x000000000040a8b9                Pokitto::lcdRefreshGB(unsigned char*, unsigned short*)
                0x000000000040b049                Pokitto::lcdRefreshMode1(unsigned char*, unsigned short*)
                0x000000000040b8d3                Pokitto::lcdRefreshMode2(unsigned char*, unsigned short*)
                0x000000000040c0ee                Pokitto::lcdRefreshAB(unsigned char*, unsigned short*)
                0x000000000040c7e8                Pokitto::lcdRefreshModeLamenes(unsigned char*, unsigned short*)
                0x000000000040cc82                Pokitto::lcdRefreshModeGBC(unsigned char*, unsigned short*)
 .text._ZN7Pokitto10setDRAMptrEtt
                0x000000000040d404       0x44 ../lib/linux/libPokitto_hires.a(SimLCD.o)
                0x000000000040d404                Pokitto::setDRAMptr(unsigned short, unsigned short)
 .text._ZN7Pokitto13setup_data_16Et
                0x000000000040d448       0x17 ../lib/linux/libPokitto_hires.a(SimLCD.o)
                0x000000000040d448                Pokitto::setup_data_16(unsigned short)
 .text._ZN7Pokitto11toggle_dataEv
                0x000000000040d45f       0x29 ../lib/linux/libPokitto_hires.a(SimLCD.o)
                0x000000000040d45f                Pokitto::toggle_data()
 .text          0x000000000040d488       0xa9 ../lib/linux/libPokitto_hires.a(SimSound.o)
                0x000000000040d488                Pokitto::soundInit()
                0x000000000040d4a7                Pokitto::pauseAudio(unsigned char)
                0x000000000040d4c1                pokStreamPaused()
                0x000000000040d4d3                pokPauseStream()
                0x000000000040d4e0                pokPlayStream()
                0x000000000040d4ed                pokSoundIRQ()
                0x000000000040d526                fakeISR()
 .text          0x000000000040d531        0x0 ../lib/linux/libPokitto_hires.a(font5x7.o)
 *fill*         0x000000000040d531        0x1 
 .text          0x000000000040d532       0x18 ../lib/linux/libPokitto_hires.a(PokittoBacklight.o)
                0x000000000040d532                Pokitto::Backlight::begin()
                0x000000000040d538                Pokitto::Backlight::set(unsigned char)
                0x000000000040d544                Pokitto::Backlight::update()
 .text          0x000000000040d54a       0x13 ../lib/linux/libPokitto_hires.a(PokittoBattery.o)
                0x000000000040d54a                Pokitto::Battery::begin()
                0x000000000040d550                Pokitto::Battery::update()
 *fill*         0x000000000040d55d        0x1 
 .text          0x000000000040d55e      0x281 ../lib/linux/libPokitto_hires.a(PokittoButtons.o)
                0x000000000040d55e                Pokitto::Buttons::begin()
                0x000000000040d564                Pokitto::Buttons::update()
                0x000000000040d652                Pokitto::Buttons::pressed(unsigned char)
                0x000000000040d67a                Pokitto::Buttons::released(unsigned char)
                0x000000000040d6a2                Pokitto::Buttons::held(unsigned char, unsigned char)
                0x000000000040d6da                Pokitto::Buttons::repeat(unsigned char, unsigned char)
                0x000000000040d750                Pokitto::Buttons::timeHeld(unsigned char)
                0x000000000040d780                Pokitto::Buttons::pollButtons()
                0x000000000040d78c                Pokitto::Buttons::aBtn()
                0x000000000040d798                Pokitto::Buttons::bBtn()
                0x000000000040d7a4                Pokitto::Buttons::cBtn()
                0x000000000040d7b0                Pokitto::Buttons::leftBtn()
                0x000000000040d7bc                Pokitto::Buttons::rightBtn()
                0x000000000040d7c8                Pokitto::Buttons::upBtn()
                0x000000000040d7d4                Pokitto::Buttons::downBtn()
 .text          0x000000000040d7df      0x1ab ../lib/linux/libPokitto_hires.a(Synth_envfuncs.o)
                0x000000000040d7df                noADSR(OSC*)
                0x000000000040d7e9                attackFunc(OSC*)
                0x000000000040d863                decayFunc(OSC*)
                0x000000000040d8c8                releaseFunc(OSC*)
 .text          0x000000000040d98a      0x107 ../lib/linux/libPokitto_hires.a(Synth_helpers.o)
                0x000000000040d98a                xorshift8()
                0x000000000040d9eb                xorshift16()
                0x000000000040da4f                getNoteString(char*, unsigned char)
 .text          0x000000000040da91      0x6a7 ../lib/linux/libPokitto_hires.a(Synth_mixfuncs.o)
                0x000000000040da91                mix1()
                0x000000000040db45                mix2()
                0x000000000040dbf9                mix3()
                0x000000000040dcad                updateEnvelopes()
 *fill*         0x000000000040e138        0x8 
 .text          0x000000000040e140       0x72 /usr/lib/x86_64-linux-gnu/libc_nonshared.a(elf-init.oS)
                0x000000000040e140                __libc_csu_init
                0x000000000040e1b0                __libc_csu_fini
 .text          0x000000000040e1b2        0x0 /usr/lib/gcc/x86_64-linux-gnu/4.8/crtend.o
 .text          0x000000000040e1b2        0x0 /usr/lib/gcc/x86_64-linux-gnu/4.8/../../../x86_64-linux-gnu/crtn.o
 *(.gnu.warning)

.fini           0x000000000040e1b4        0x9
 *(SORT(.fini))
 .fini          0x000000000040e1b4        0x4 /usr/lib/gcc/x86_64-linux-gnu/4.8/../../../x86_64-linux-gnu/crti.o
                0x000000000040e1b4                _fini
 .fini          0x000000000040e1b8        0x5 /usr/lib/gcc/x86_64-linux-gnu/4.8/../../../x86_64-linux-gnu/crtn.o
                0x000000000040e1bd                PROVIDE (__etext, .)
                0x000000000040e1bd                PROVIDE (_etext, .)
                0x000000000040e1bd                PROVIDE (etext, .)

.rodata         0x000000000040e1c0     0x36d0
 *(.rodata .rodata.* .gnu.linkonce.r.*)
 .rodata.cst4   0x000000000040e1c0        0x4 /usr/lib/gcc/x86_64-linux-gnu/4.8/../../../x86_64-linux-gnu/crt1.o
                0x000000000040e1c0                _IO_stdin_used
 *fill*         0x000000000040e1c4       0x1c 
 .rodata        0x000000000040e1e0       0xd0 obj/Debug/Hello.o
 *fill*         0x000000000040e2b0       0x10 
 .rodata        0x000000000040e2c0       0xa2 obj/Debug/POKITTO_SIM/Makewav.o
 *fill*         0x000000000040e362       0x1e 
 .rodata        0x000000000040e380       0xb0 obj/Debug/POKITTO_SIM/Pokitto_simport.o
 *fill*         0x000000000040e430       0x10 
 .rodata        0x000000000040e440       0xb0 obj/Debug/POKITTO_SIM/PokittoClock.o
 *fill*         0x000000000040e4f0       0x10 
 .rodata        0x000000000040e500       0x90 obj/Debug/POKITTO_SIM/PokittoSimButtons.o
 *fill*         0x000000000040e590       0x10 
 .rodata        0x000000000040e5a0       0xb0 obj/Debug/POKITTO_SIM/PokittoSimCore.o
 *fill*         0x000000000040e650       0x10 
 .rodata        0x000000000040e660      0x144 obj/Debug/POKITTO_SIM/PokittoSimulator.o
 *fill*         0x000000000040e7a4       0x1c 
 .rodata        0x000000000040e7c0      0x964 ../lib/linux/libPokitto_hires.a(adventurer12x16.o)
                0x000000000040e7c0                fontAdventurer
 *fill*         0x000000000040f124       0x1c 
 .rodata        0x000000000040f140       0x30 ../lib/linux/libPokitto_hires.a(palCGA.o)
                0x000000000040f140                paletteCGA
 *fill*         0x000000000040f170       0x10 
 .rodata        0x000000000040f180      0x130 ../lib/linux/libPokitto_hires.a(PokittoCore.o)
 *fill*         0x000000000040f2b0       0x10 
 .rodata        0x000000000040f2c0      0x160 ../lib/linux/libPokitto_hires.a(PokittoDisplay.o)
 .rodata        0x000000000040f420     0x1853 ../lib/linux/libPokitto_hires.a(PokittoLogos.o)
                0x000000000040f420                Pokitto_logo
                0x000000000040f940                dogface
                0x0000000000410480                nxp_n
                0x00000000004106a0                nxp_nx
                0x0000000000410760                nxp_x
                0x0000000000410860                nxp_xp
                0x0000000000410920                nxp_p
                0x0000000000410b40                tooth
                0x0000000000410be0                toothup
 *fill*         0x0000000000410c73        0xd 
 .rodata        0x0000000000410c80       0xc0 ../lib/linux/libPokitto_hires.a(PokittoSound.o)
 .rodata        0x0000000000410d40       0xb0 ../lib/linux/libPokitto_hires.a(Synth.o)
 *fill*         0x0000000000410df0       0x10 
 .rodata        0x0000000000410e00       0xb0 ../lib/linux/libPokitto_hires.a(Synth_oscfuncs.o)
 *fill*         0x0000000000410eb0       0x10 
 .rodata        0x0000000000410ec0       0xb0 ../lib/linux/libPokitto_hires.a(Synth_wavefuncs.o)
 *fill*         0x0000000000410f70       0x10 
 .rodata        0x0000000000410f80       0xb0 ../lib/linux/libPokitto_hires.a(SimSound.o)
 *fill*         0x0000000000411030       0x10 
 .rodata        0x0000000000411040      0x304 ../lib/linux/libPokitto_hires.a(font5x7.o)
                0x0000000000411040                font5x7
 *fill*         0x0000000000411344       0x1c 
 .rodata        0x0000000000411360       0x90 ../lib/linux/libPokitto_hires.a(PokittoBattery.o)
 *fill*         0x00000000004113f0       0x10 
 .rodata        0x0000000000411400       0xf0 ../lib/linux/libPokitto_hires.a(PokittoButtons.o)
 *fill*         0x00000000004114f0       0x10 
 .rodata        0x0000000000411500       0xb0 ../lib/linux/libPokitto_hires.a(Synth_envfuncs.o)
 *fill*         0x00000000004115b0       0x10 
 .rodata        0x00000000004115c0      0x214 ../lib/linux/libPokitto_hires.a(Synth_helpers.o)
 *fill*         0x00000000004117d4        0xc 
 .rodata        0x00000000004117e0       0xb0 ../lib/linux/libPokitto_hires.a(Synth_mixfuncs.o)

.rodata1
 *(.rodata1)

.eh_frame_hdr   0x0000000000411890      0x9e4
 *(.eh_frame_hdr)
 .eh_frame_hdr  0x0000000000411890      0x9e4 /usr/lib/gcc/x86_64-linux-gnu/4.8/../../../x86_64-linux-gnu/crt1.o

.eh_frame       0x0000000000412278     0x283c
 *(.eh_frame)
 .eh_frame      0x0000000000412278       0x30 /usr/lib/gcc/x86_64-linux-gnu/4.8/../../../x86_64-linux-gnu/crt1.o
 .eh_frame      0x00000000004122a8       0x40 /usr/lib/gcc/x86_64-linux-gnu/4.8/../../../x86_64-linux-gnu/crt1.o
 .eh_frame      0x00000000004122e8       0x68 obj/Debug/Hello.o
                                         0x80 (size before relaxing)
 .eh_frame      0x0000000000412350       0x40 obj/Debug/POKITTO_SIM/Makewav.o
                                         0x58 (size before relaxing)
 .eh_frame      0x0000000000412390       0x20 obj/Debug/POKITTO_SIM/Pokitto_simport.o
                                         0x38 (size before relaxing)
 .eh_frame      0x00000000004123b0       0x60 obj/Debug/POKITTO_SIM/PokittoClock.o
                                         0x78 (size before relaxing)
 .eh_frame      0x0000000000412410      0x300 obj/Debug/POKITTO_SIM/PokittoSimButtons.o
                                        0x318 (size before relaxing)
 .eh_frame      0x0000000000412710      0x1c0 obj/Debug/POKITTO_SIM/PokittoSimCore.o
                                        0x1d8 (size before relaxing)
 .eh_frame      0x00000000004128d0      0x2d8 obj/Debug/POKITTO_SIM/PokittoSimulator.o
                                        0x2e8 (size before relaxing)
 .eh_frame      0x0000000000412ba8      0x388 ../lib/linux/libPokitto_hires.a(PokittoCore.o)
                                        0x3a0 (size before relaxing)
 .eh_frame      0x0000000000412f30      0xd80 ../lib/linux/libPokitto_hires.a(PokittoDisplay.o)
                                        0xd88 (size before relaxing)
 .eh_frame      0x0000000000413cb0      0x500 ../lib/linux/libPokitto_hires.a(PokittoSound.o)
                                        0x518 (size before relaxing)
 .eh_frame      0x00000000004141b0       0x40 ../lib/linux/libPokitto_hires.a(Synth.o)
                                         0x58 (size before relaxing)
 .eh_frame      0x00000000004141f0       0xe0 ../lib/linux/libPokitto_hires.a(Synth_oscfuncs.o)
                                         0xf0 (size before relaxing)
 .eh_frame      0x00000000004142d0       0xe0 ../lib/linux/libPokitto_hires.a(Synth_wavefuncs.o)
                                         0xf8 (size before relaxing)
 .eh_frame      0x00000000004143b0      0x1e0 ../lib/linux/libPokitto_hires.a(SimLCD.o)
                                        0x1f8 (size before relaxing)
 .eh_frame      0x0000000000414590       0xe0 ../lib/linux/libPokitto_hires.a(SimSound.o)
                                         0xf8 (size before relaxing)
 .eh_frame      0x0000000000414670       0x60 ../lib/linux/libPokitto_hires.a(PokittoBacklight.o)
                                         0x78 (size before relaxing)
 .eh_frame      0x00000000004146d0       0x40 ../lib/linux/libPokitto_hires.a(PokittoBattery.o)
                                         0x58 (size before relaxing)
 .eh_frame      0x0000000000414710      0x1e0 ../lib/linux/libPokitto_hires.a(PokittoButtons.o)
                                        0x1f8 (size before relaxing)
 .eh_frame      0x00000000004148f0       0x80 ../lib/linux/libPokitto_hires.a(Synth_envfuncs.o)
                                         0x98 (size before relaxing)
 .eh_frame      0x0000000000414970       0x60 ../lib/linux/libPokitto_hires.a(Synth_helpers.o)
                                         0x78 (size before relaxing)
 .eh_frame      0x00000000004149d0       0x80 ../lib/linux/libPokitto_hires.a(Synth_mixfuncs.o)
                                         0x98 (size before relaxing)
 .eh_frame      0x0000000000414a50       0x60 /usr/lib/x86_64-linux-gnu/libc_nonshared.a(elf-init.oS)
                                         0x78 (size before relaxing)
 .eh_frame      0x0000000000414ab0        0x4 /usr/lib/gcc/x86_64-linux-gnu/4.8/crtend.o

.gcc_except_table
                0x0000000000414ab4       0x2e
 *(.gcc_except_table .gcc_except_table.*)
 .gcc_except_table
                0x0000000000414ab4       0x2e obj/Debug/POKITTO_SIM/PokittoSimulator.o

.exception_ranges
 *(.exception_ranges .exception_ranges*)
                0x0000000000414ae2                . = (ALIGN (0x200000) - ((0x200000 - .) & 0x1fffff))
                0x0000000000614da2                . = DATA_SEGMENT_ALIGN (0x200000, 0x1000)

.eh_frame
 *(.eh_frame)

.gcc_except_table
 *(.gcc_except_table .gcc_except_table.*)

.exception_ranges
 *(.exception_ranges .exception_ranges*)

.tdata
 *(.tdata .tdata.* .gnu.linkonce.td.*)

.tbss
 *(.tbss .tbss.* .gnu.linkonce.tb.*)
 *(.tcommon)

.preinit_array  0x0000000000614da2        0x0
                0x0000000000614da2                PROVIDE (__preinit_array_start, .)
 *(.preinit_array)
                0x0000000000614da2                PROVIDE (__preinit_array_end, .)

.init_array     0x0000000000614da8       0x30
                0x0000000000614da8                PROVIDE (__init_array_start, .)
 *(SORT(.init_array.*) SORT(.ctors.*))
 *(.init_array EXCLUDE_FILE(*crtend?.o *crtend.o *crtbegin?.o *crtbegin.o) .ctors)
 .init_array    0x0000000000614da8        0x8 /usr/lib/gcc/x86_64-linux-gnu/4.8/crtbegin.o
 .init_array    0x0000000000614db0        0x8 obj/Debug/Hello.o
 .init_array    0x0000000000614db8        0x8 obj/Debug/POKITTO_SIM/PokittoSimButtons.o
 .init_array    0x0000000000614dc0        0x8 obj/Debug/POKITTO_SIM/PokittoSimulator.o
 .init_array    0x0000000000614dc8        0x8 ../lib/linux/libPokitto_hires.a(PokittoCore.o)
 .init_array    0x0000000000614dd0        0x8 ../lib/linux/libPokitto_hires.a(Synth.o)
                0x0000000000614dd8                PROVIDE (__init_array_end, .)

.fini_array     0x0000000000614dd8        0x8
                0x0000000000614dd8                PROVIDE (__fini_array_start, .)
 *(SORT(.fini_array.*) SORT(.dtors.*))
 *(.fini_array EXCLUDE_FILE(*crtend?.o *crtend.o *crtbegin?.o *crtbegin.o) .dtors)
 .fini_array    0x0000000000614dd8        0x8 /usr/lib/gcc/x86_64-linux-gnu/4.8/crtbegin.o
                0x0000000000614de0                PROVIDE (__fini_array_end, .)

.ctors
 *crtbegin.o(.ctors)
 *crtbegin?.o(.ctors)
 *(EXCLUDE_FILE(*crtend?.o *crtend.o) .ctors)
 *(SORT(.ctors.*))
 *(.ctors)

.dtors
 *crtbegin.o(.dtors)
 *crtbegin?.o(.dtors)
 *(EXCLUDE_FILE(*crtend?.o *crtend.o) .dtors)
 *(SORT(.dtors.*))
 *(.dtors)

.jcr            0x0000000000614de0        0x8
 *(.jcr)
 .jcr           0x0000000000614de0        0x0 /usr/lib/gcc/x86_64-linux-gnu/4.8/crtbegin.o
 .jcr           0x0000000000614de0        0x8 /usr/lib/gcc/x86_64-linux-gnu/4.8/crtend.o

.data.rel.ro
 *(.data.rel.ro.local* .gnu.linkonce.d.rel.ro.local.*)
 *(.data.rel.ro .data.rel.ro.* .gnu.linkonce.d.rel.ro.*)

.dynamic        0x0000000000614de8      0x210
 *(.dynamic)
 .dynamic       0x0000000000614de8      0x210 /usr/lib/gcc/x86_64-linux-gnu/4.8/../../../x86_64-linux-gnu/crt1.o
                0x0000000000614de8                _DYNAMIC

.got            0x0000000000614ff8        0x8
 *(.got)
 .got           0x0000000000614ff8        0x8 /usr/lib/gcc/x86_64-linux-gnu/4.8/../../../x86_64-linux-gnu/crt1.o
 *(.igot)
                0x0000000000615fe8                . = DATA_SEGMENT_RELRO_END (., (SIZEOF (.got.plt) >= 0x18)?0x18:0x0)

.got.plt        0x0000000000615000      0x1f0
 *(.got.plt)
 .got.plt       0x0000000000615000      0x1f0 /usr/lib/gcc/x86_64-linux-gnu/4.8/../../../x86_64-linux-gnu/crt1.o
                0x0000000000615000                _GLOBAL_OFFSET_TABLE_
 *(.igot.plt)
 .igot.plt      0x0000000000000000        0x0 /usr/lib/gcc/x86_64-linux-gnu/4.8/../../../x86_64-linux-gnu/crt1.o

.data           0x0000000000615200      0x4a8
 *(.data .data.* .gnu.linkonce.d.*)
 .data          0x0000000000615200        0x4 /usr/lib/gcc/x86_64-linux-gnu/4.8/../../../x86_64-linux-gnu/crt1.o
                0x0000000000615200                data_start
                0x0000000000615200                __data_start
 .data          0x0000000000615204        0x0 /usr/lib/gcc/x86_64-linux-gnu/4.8/../../../x86_64-linux-gnu/crti.o
 *fill*         0x0000000000615204        0x4 
 .data          0x0000000000615208        0x8 /usr/lib/gcc/x86_64-linux-gnu/4.8/crtbegin.o
                0x0000000000615208                __dso_handle
 .data          0x0000000000615210        0x0 obj/Debug/Hello.o
 .data          0x0000000000615210        0x0 obj/Debug/POKITTO_SIM/Makewav.o
 .data          0x0000000000615210        0x0 obj/Debug/POKITTO_SIM/Pokitto_simport.o
 .data          0x0000000000615210        0x0 obj/Debug/POKITTO_SIM/PokittoClock.o
 .data          0x0000000000615210        0x0 obj/Debug/POKITTO_SIM/PokittoSimButtons.o
 .data          0x0000000000615210        0x0 obj/Debug/POKITTO_SIM/PokittoSimCore.o
 .data          0x0000000000615210        0x0 obj/Debug/POKITTO_SIM/PokittoSimulator.o
 .data          0x0000000000615210        0x0 ../lib/linux/libPokitto_hires.a(adventurer12x16.o)
 .data          0x0000000000615210        0x0 ../lib/linux/libPokitto_hires.a(palCGA.o)
 .data          0x0000000000615210        0x0 ../lib/linux/libPokitto_hires.a(PokittoCore.o)
 .data          0x0000000000615210        0x9 ../lib/linux/libPokitto_hires.a(PokittoDisplay.o)
                0x0000000000615210                Pokitto::Display::color
                0x0000000000615212                Pokitto::Display::invisiblecolor
                0x0000000000615214                Pokitto::Display::directcolor
                0x0000000000615216                Pokitto::Display::bpp
                0x0000000000615217                Pokitto::Display::width
                0x0000000000615218                Pokitto::Display::height
 .data          0x0000000000615219        0x0 ../lib/linux/libPokitto_hires.a(PokittoLogos.o)
 .data          0x0000000000615219        0x0 ../lib/linux/libPokitto_hires.a(PokittoSound.o)
 .data          0x0000000000615219        0x5 ../lib/linux/libPokitto_hires.a(Synth.o)
                0x0000000000615219                track1on
                0x000000000061521a                track2on
                0x000000000061521b                track3on
                0x000000000061521c                tempo
                0x000000000061521d                tick
 .data          0x000000000061521e        0x0 ../lib/linux/libPokitto_hires.a(Synth_oscfuncs.o)
 *fill*         0x000000000061521e        0x2 
 .data          0x0000000000615220       0xa0 ../lib/linux/libPokitto_hires.a(Synth_wavefuncs.o)
                0x0000000000615220                Farr
                0x0000000000615260                Earr
                0x0000000000615280                Marr
                0x00000000006152a0                HWMarr
 .data          0x00000000006152c0        0x0 ../lib/linux/libPokitto_hires.a(SimLCD.o)
 .data          0x00000000006152c0        0x1 ../lib/linux/libPokitto_hires.a(SimSound.o)
                0x00000000006152c0                savecpu
 .data          0x00000000006152c1        0x0 ../lib/linux/libPokitto_hires.a(font5x7.o)
 .data          0x00000000006152c1        0x0 ../lib/linux/libPokitto_hires.a(PokittoBacklight.o)
 .data          0x00000000006152c1        0x0 ../lib/linux/libPokitto_hires.a(PokittoBattery.o)
 .data          0x00000000006152c1        0x0 ../lib/linux/libPokitto_hires.a(PokittoButtons.o)
 .data          0x00000000006152c1        0x0 ../lib/linux/libPokitto_hires.a(Synth_envfuncs.o)
 *fill*         0x00000000006152c1       0x1f 
 .data          0x00000000006152e0      0x3c8 ../lib/linux/libPokitto_hires.a(Synth_helpers.o)
                0x00000000006152f0                arptable
                0x0000000000615320                cincs
                0x00000000006153e0                note_table
 .data          0x00000000006156a8        0x0 ../lib/linux/libPokitto_hires.a(Synth_mixfuncs.o)
 .data          0x00000000006156a8        0x0 /usr/lib/x86_64-linux-gnu/libc_nonshared.a(elf-init.oS)
 .data          0x00000000006156a8        0x0 /usr/lib/gcc/x86_64-linux-gnu/4.8/crtend.o
 .data          0x00000000006156a8        0x0 /usr/lib/gcc/x86_64-linux-gnu/4.8/../../../x86_64-linux-gnu/crtn.o

.tm_clone_table
                0x00000000006156a8        0x0
 .tm_clone_table
                0x00000000006156a8        0x0 /usr/lib/gcc/x86_64-linux-gnu/4.8/crtbegin.o
 .tm_clone_table
                0x00000000006156a8        0x0 /usr/lib/gcc/x86_64-linux-gnu/4.8/crtend.o

.data1
 *(.data1)
                0x00000000006156a8                _edata = .
                0x00000000006156a8                PROVIDE (edata, .)
                0x00000000006156a8                . = .
                0x00000000006156a8                __bss_start = .

.bss            0x00000000006156c0    0x3c450
 *(.dynbss)
 .dynbss        0x00000000006156c0      0x238 /usr/lib/gcc/x86_64-linux-gnu/4.8/../../../x86_64-linux-gnu/crt1.o
                0x00000000006156c0                std::cout@@GLIBCXX_3.4
                0x00000000006157e0                std::cin@@GLIBCXX_3.4
 *(.bss .bss.* .gnu.linkonce.b.*)
 .bss           0x00000000006158f8        0x0 /usr/lib/gcc/x86_64-linux-gnu/4.8/../../../x86_64-linux-gnu/crt1.o
 .bss           0x00000000006158f8        0x0 /usr/lib/gcc/x86_64-linux-gnu/4.8/../../../x86_64-linux-gnu/crti.o
 .bss           0x00000000006158f8        0x1 /usr/lib/gcc/x86_64-linux-gnu/4.8/crtbegin.o
 .bss           0x00000000006158f9        0x1 obj/Debug/Hello.o
                0x00000000006158f9                game
 .bss           0x00000000006158fa        0x0 obj/Debug/POKITTO_SIM/Makewav.o
 .bss           0x00000000006158fa        0x0 obj/Debug/POKITTO_SIM/Pokitto_simport.o
 *fill*         0x00000000006158fa        0x6 
 .bss           0x0000000000615900       0x18 obj/Debug/POKITTO_SIM/PokittoClock.o
                0x0000000000615900                Pokitto::Core::refreshtime
                0x0000000000615908                pt_count
                0x0000000000615910                ptimer
 .bss           0x0000000000615918        0x4 obj/Debug/POKITTO_SIM/PokittoSimButtons.o
                0x0000000000615918                Pokitto::Simulator::buttons_state
                0x0000000000615919                Pokitto::Simulator::buttons_held
                0x000000000061591a                Pokitto::Simulator::buttons_released
 .bss           0x000000000061591c        0x0 obj/Debug/POKITTO_SIM/PokittoSimCore.o
 *fill*         0x000000000061591c        0x4 
 .bss           0x0000000000615920    0x38d19 obj/Debug/POKITTO_SIM/PokittoSimulator.o
                0x0000000000615920                wanted
                0x0000000000615940                got
                0x0000000000615960                audioDevice
                0x0000000000615964                sound_on
                0x0000000000615968                aud_position
                0x000000000061596c                aud_len
                0x0000000000615970                aud_frequency
                0x0000000000615974                aud_volume
                0x0000000000615978                simulator
                0x000000000061597c                Pokitto::Simulator::simRunning
                0x0000000000615980                Pokitto::Simulator::sdlSimWin
                0x0000000000615988                Pokitto::Simulator::sdlBgRen
                0x0000000000615990                Pokitto::Simulator::sdlRen
                0x0000000000615998                Pokitto::Simulator::sdlTex
                0x00000000006159a0                Pokitto::Simulator::SrcR
                0x00000000006159b0                Pokitto::Simulator::DestR
                0x00000000006159c0                Pokitto::Simulator::sdlEvent
                0x00000000006159f8                Pokitto::Simulator::Loading_Surf
                0x0000000000615a00                Pokitto::Simulator::Background_Tx
                0x0000000000615a20                Pokitto::Simulator::lcdpixels
                0x000000000063b720                Pokitto::Simulator::ww
                0x000000000063b724                Pokitto::Simulator::wh
                0x000000000063b740                Pokitto::Simulator::gfxbuf
                0x000000000064e5c0                Pokitto::Simulator::dramptr
                0x000000000064e5c8                Pokitto::Simulator::datalines
                0x000000000064e5ca                Pokitto::Simulator::prevdata
                0x000000000064e5cc                Pokitto::Simulator::lcd_shaking
                0x000000000064e5d0                Pokitto::Simulator::gGameController
                0x000000000064e5d8                Pokitto::Simulator::joystickPresent
                0x000000000064e5d9                Pokitto::Simulator::amp
                0x000000000064e5da                Pokitto::Simulator::mutex
                0x000000000064e5db                Pokitto::Simulator::cleaned
                0x000000000064e5dc                Pokitto::Simulator::sc_count
                0x000000000064e5de                Pokitto::Simulator::framenumber
                0x000000000064e5e0                Pokitto::Simulator::audframenumber
                0x000000000064e5e4                Pokitto::Simulator::videotime
                0x000000000064e5e8                Pokitto::Simulator::audiotime
                0x000000000064e5ec                Pokitto::Simulator::videoframesize
                0x000000000064e5f0                Pokitto::Simulator::audioframesize
                0x000000000064e5f8                recordingstarttime
                0x000000000064e600                sdlEvent2
 .bss           0x000000000064e639        0x0 ../lib/linux/libPokitto_hires.a(adventurer12x16.o)
 .bss           0x000000000064e639        0x0 ../lib/linux/libPokitto_hires.a(palCGA.o)
 *fill*         0x000000000064e639        0x7 
 .bss           0x000000000064e640       0x24 ../lib/linux/libPokitto_hires.a(PokittoCore.o)
                0x000000000064e640                Pokitto::Core::run_state
                0x000000000064e641                Pokitto::Core::backlight
                0x000000000064e642                Pokitto::Core::buttons
                0x000000000064e643                Pokitto::Core::battery
                0x000000000064e644                Pokitto::Core::display
                0x000000000064e645                Pokitto::Core::startMenuTimer
                0x000000000064e646                Pokitto::Core::timePerFrame
                0x000000000064e648                Pokitto::Core::nextFrameMillis
                0x000000000064e64c                Pokitto::Core::frameCount
                0x000000000064e650                Pokitto::Core::popupText
                0x000000000064e658                Pokitto::Core::popupTimeLeft
                0x000000000064e65a                Pokitto::Core::frameDurationMicros
                0x000000000064e65c                Pokitto::Core::frameStartMicros
                0x000000000064e660                Pokitto::Core::frameEndMicros
 *fill*         0x000000000064e664       0x1c 
 .bss           0x000000000064e680     0x2650 ../lib/linux/libPokitto_hires.a(PokittoDisplay.o)
                0x000000000064e680                Pokitto::Display::m_scrbuf
                0x000000000064e688                Pokitto::Display::m_mode
                0x000000000064e689                Pokitto::Display::m_colordepth
                0x000000000064e68a                Pokitto::Display::cursorX
                0x000000000064e68b                Pokitto::Display::cursorY
                0x000000000064e68c                Pokitto::Display::fontSize
                0x000000000064e68e                Pokitto::Display::m_w
                0x000000000064e690                Pokitto::Display::m_h
                0x000000000064e692                Pokitto::Display::fontWidth
                0x000000000064e693                Pokitto::Display::fontHeight
                0x000000000064e694                Pokitto::Display::textWrap
                0x000000000064e695                Pokitto::Display::persistence
                0x000000000064e696                Pokitto::Display::bgcolor
                0x000000000064e698                Pokitto::Display::directbgcolor
                0x000000000064e6a0                Pokitto::Display::paletteptr
                0x000000000064e6c0                Pokitto::Display::palette
                0x000000000064e6e0                Pokitto::Display::font
                0x000000000064e700                Pokitto::Display::screenbuffer
 .bss           0x0000000000650cd0        0x0 ../lib/linux/libPokitto_hires.a(PokittoLogos.o)
 .bss           0x0000000000650cd0       0x58 ../lib/linux/libPokitto_hires.a(PokittoSound.o)
                0x0000000000650cd0                Pokitto::Sound::prescaler
                0x0000000000650cd1                Pokitto::Sound::globalVolume
                0x0000000000650cd2                Pokitto::Sound::volumeMax
                0x0000000000650cd3                Pokitto::Sound::trackIsPlaying
                0x0000000000650cd4                Pokitto::Sound::patternIsPlaying
                0x0000000000650cd5                Pokitto::Sound::outputPitch
                0x0000000000650cd6                Pokitto::Sound::outputVolume
                0x0000000000650cd8                Pokitto::Sound::trackData
                0x0000000000650ce0                Pokitto::Sound::trackCursor
                0x0000000000650ce8                Pokitto::Sound::patternSet
                0x0000000000650cf0                Pokitto::Sound::patternPitch
                0x0000000000650cf8                Pokitto::Sound::patternData
                0x0000000000650d00                Pokitto::Sound::instrumentSet
                0x0000000000650d08                Pokitto::Sound::patternLooping
                0x0000000000650d0a                Pokitto::Sound::patternCursor
                0x0000000000650d0c                Pokitto::Sound::notePitch
                0x0000000000650d0d                Pokitto::Sound::noteDuration
                0x0000000000650d0e                Pokitto::Sound::noteVolume
                0x0000000000650d0f                Pokitto::Sound::notePlaying
                0x0000000000650d10                Pokitto::Sound::commandsCounter
                0x0000000000650d11                Pokitto::Sound::volumeSlideStepDuration
                0x0000000000650d12                Pokitto::Sound::volumeSlideStepSize
                0x0000000000650d13                Pokitto::Sound::arpeggioStepDuration
                0x0000000000650d14                Pokitto::Sound::arpeggioStepSize
                0x0000000000650d15                Pokitto::Sound::tremoloStepDuration
                0x0000000000650d16                Pokitto::Sound::tremoloStepSize
                0x0000000000650d18                Pokitto::Sound::instrumentData
                0x0000000000650d20                Pokitto::Sound::instrumentLength
                0x0000000000650d21                Pokitto::Sound::instrumentLooping
                0x0000000000650d22                Pokitto::Sound::instrumentCursor
                0x0000000000650d24                Pokitto::Sound::instrumentNextChange
                0x0000000000650d25                Pokitto::Sound::stepVolume
                0x0000000000650d26                Pokitto::Sound::stepPitch
                0x0000000000650d27                Pokitto::Sound::chanVolumes
 *fill*         0x0000000000650d28       0x18 
 .bss           0x0000000000650d40      0x480 ../lib/linux/libPokitto_hires.a(Synth.o)
                0x0000000000650d40                playing
                0x0000000000650d41                tableRefresh
                0x0000000000650d42                sequencepos
                0x0000000000650d48                writeindex
                0x0000000000650d50                readindex
                0x0000000000650d58                playerpos
                0x0000000000650d60                per
                0x0000000000650d68                samplespertick
                0x0000000000650d6a                notetick
                0x0000000000650d70                samplesperpattern
                0x0000000000650d80                song
                0x0000000000650de0                osc1
                0x0000000000650e20                osc2
                0x0000000000650e60                osc3
                0x0000000000650ea0                patch
                0x0000000000651140                block
 .bss           0x00000000006511c0        0x0 ../lib/linux/libPokitto_hires.a(Synth_oscfuncs.o)
 .bss           0x00000000006511c0        0x4 ../lib/linux/libPokitto_hires.a(Synth_wavefuncs.o)
                0x00000000006511c0                noiseval
                0x00000000006511c2                noiseval2
 .bss           0x00000000006511c4        0x0 ../lib/linux/libPokitto_hires.a(SimLCD.o)
 *fill*         0x00000000006511c4       0x1c 
 .bss           0x00000000006511e0      0x901 ../lib/linux/libPokitto_hires.a(SimSound.o)
                0x00000000006511e0                soundbyte
                0x00000000006511e8                soundfile
                0x0000000000651200                soundfilebuffer
                0x00000000006519d0                activesfbuf
                0x00000000006519d1                writesfbuf
                0x00000000006519d2                sfbufindex
                0x00000000006519d4                streambyte
                0x00000000006519d5                output
                0x00000000006519d6                streamon
                0x00000000006519d7                test
                0x00000000006519d8                test2
                0x00000000006519e0                soundbuf
                0x0000000000651ae0                soundbufindex
 .bss           0x0000000000651ae1        0x0 ../lib/linux/libPokitto_hires.a(font5x7.o)
 *fill*         0x0000000000651ae1        0x1 
 .bss           0x0000000000651ae2        0xc ../lib/linux/libPokitto_hires.a(PokittoBacklight.o)
                0x0000000000651ae2                Pokitto::Backlight::automatic
                0x0000000000651ae4                Pokitto::Backlight::ambientLight
                0x0000000000651ae6                Pokitto::Backlight::backlightValue
                0x0000000000651ae7                Pokitto::Backlight::backlightMin
                0x0000000000651ae8                Pokitto::Backlight::backlightMax
                0x0000000000651aea                Pokitto::Backlight::ambientLightMin
                0x0000000000651aec                Pokitto::Backlight::ambientLightMax
 .bss           0x0000000000651aee        0xd ../lib/linux/libPokitto_hires.a(PokittoBattery.o)
                0x0000000000651aee                Pokitto::Battery::show
                0x0000000000651aef                Pokitto::Battery::level
                0x0000000000651af0                Pokitto::Battery::voltage
                0x0000000000651af2                Pokitto::Battery::thresholds
                0x0000000000651afa                Pokitto::Battery::nextUpdate
 .bss           0x0000000000651afb        0xe ../lib/linux/libPokitto_hires.a(PokittoButtons.o)
                0x0000000000651afb                Pokitto::Buttons::pins
                0x0000000000651b02                Pokitto::Buttons::states
 .bss           0x0000000000651b09        0x0 ../lib/linux/libPokitto_hires.a(Synth_envfuncs.o)
 .bss           0x0000000000651b09        0x0 ../lib/linux/libPokitto_hires.a(Synth_helpers.o)
 *fill*         0x0000000000651b09        0x1 
 .bss           0x0000000000651b0a        0x5 ../lib/linux/libPokitto_hires.a(Synth_mixfuncs.o)
                0x0000000000651b0a                voltick
                0x0000000000651b0c                arptick
                0x0000000000651b0e                bendtick
 .bss           0x0000000000651b0f        0x0 /usr/lib/x86_64-linux-gnu/libc_nonshared.a(elf-init.oS)
 .bss           0x0000000000651b0f        0x0 /usr/lib/gcc/x86_64-linux-gnu/4.8/crtend.o
 .bss           0x0000000000651b0f        0x0 /usr/lib/gcc/x86_64-linux-gnu/4.8/../../../x86_64-linux-gnu/crtn.o
 *(COMMON)
                0x0000000000651b10                . = ALIGN ((. != 0x0)?0x8:0x1)
 *fill*         0x0000000000651b0f        0x1 

.lbss
 *(.dynlbss)
 *(.lbss .lbss.* .gnu.linkonce.lb.*)
 *(LARGE_COMMON)
                0x0000000000651b10                . = ALIGN (0x8)
                0x0000000000651b10                . = SEGMENT_START ("ldata-segment", .)

.lrodata
 *(.lrodata .lrodata.* .gnu.linkonce.lr.*)

.ldata          0x0000000000a51b10        0x0
 *(.ldata .ldata.* .gnu.linkonce.l.*)
                0x0000000000a51b10                . = ALIGN ((. != 0x0)?0x8:0x1)
                0x0000000000a51b10                . = ALIGN (0x8)
                0x0000000000a51b10                _end = .
                0x0000000000a51b10                PROVIDE (end, .)
                0x0000000000a51b10                . = DATA_SEGMENT_END (.)

.stab
 *(.stab)

.stabstr
 *(.stabstr)

.stab.excl
 *(.stab.excl)

.stab.exclstr
 *(.stab.exclstr)

.stab.index
 *(.stab.index)

.stab.indexstr
 *(.stab.indexstr)

.comment        0x0000000000000000       0x24
 *(.comment)
 .comment       0x0000000000000000       0x24 /usr/lib/gcc/x86_64-linux-gnu/4.8/crtbegin.o
                                         0x25 (size before relaxing)
 .comment       0x0000000000000000       0x25 obj/Debug/Hello.o
 .comment       0x0000000000000000       0x25 obj/Debug/POKITTO_SIM/Makewav.o
 .comment       0x0000000000000000       0x25 obj/Debug/POKITTO_SIM/Pokitto_simport.o
 .comment       0x0000000000000000       0x25 obj/Debug/POKITTO_SIM/PokittoClock.o
 .comment       0x0000000000000000       0x25 obj/Debug/POKITTO_SIM/PokittoSimButtons.o
 .comment       0x0000000000000000       0x25 obj/Debug/POKITTO_SIM/PokittoSimCore.o
 .comment       0x0000000000000000       0x25 obj/Debug/POKITTO_SIM/PokittoSimulator.o
 .comment       0x0000000000000000       0x25 ../lib/linux/libPokitto_hires.a(adventurer12x16.o)
 .comment       0x0000000000000000       0x25 ../lib/linux/libPokitto_hires.a(palCGA.o)
 .comment       0x0000000000000000       0x25 ../lib/linux/libPokitto_hires.a(PokittoCore.o)
 .comment       0x0000000000000000       0x25 ../lib/linux/libPokitto_hires.a(PokittoDisplay.o)
 .comment       0x0000000000000000       0x25 ../lib/linux/libPokitto_hires.a(PokittoLogos.o)
 .comment       0x0000000000000000       0x25 ../lib/linux/libPokitto_hires.a(PokittoSound.o)
 .comment       0x0000000000000000       0x25 ../lib/linux/libPokitto_hires.a(Synth.o)
 .comment       0x0000000000000000       0x25 ../lib/linux/libPokitto_hires.a(Synth_oscfuncs.o)
 .comment       0x0000000000000000       0x25 ../lib/linux/libPokitto_hires.a(Synth_wavefuncs.o)
 .comment       0x0000000000000000       0x25 ../lib/linux/libPokitto_hires.a(SimLCD.o)
 .comment       0x0000000000000000       0x25 ../lib/linux/libPokitto_hires.a(SimSound.o)
 .comment       0x0000000000000000       0x25 ../lib/linux/libPokitto_hires.a(font5x7.o)
 .comment       0x0000000000000000       0x25 ../lib/linux/libPokitto_hires.a(PokittoBacklight.o)
 .comment       0x0000000000000000       0x25 ../lib/linux/libPokitto_hires.a(PokittoBattery.o)
 .comment       0x0000000000000000       0x25 ../lib/linux/libPokitto_hires.a(PokittoButtons.o)
 .comment       0x0000000000000000       0x25 ../lib/linux/libPokitto_hires.a(Synth_envfuncs.o)
 .comment       0x0000000000000000       0x25 ../lib/linux/libPokitto_hires.a(Synth_helpers.o)
 .comment       0x0000000000000000       0x25 ../lib/linux/libPokitto_hires.a(Synth_mixfuncs.o)
 .comment       0x0000000000000000       0x25 /usr/lib/x86_64-linux-gnu/libc_nonshared.a(elf-init.oS)
 .comment       0x0000000000000000       0x25 /usr/lib/gcc/x86_64-linux-gnu/4.8/crtend.o

.debug
 *(.debug)

.line
 *(.line)

.debug_srcinfo
 *(.debug_srcinfo)

.debug_sfnames
 *(.debug_sfnames)

.debug_aranges  0x0000000000000000      0x150
 *(.debug_aranges)
 .debug_aranges
                0x0000000000000000       0x30 obj/Debug/Hello.o
 .debug_aranges
                0x0000000000000030       0x30 obj/Debug/POKITTO_SIM/Makewav.o
 .debug_aranges
                0x0000000000000060       0x30 obj/Debug/POKITTO_SIM/Pokitto_simport.o
 .debug_aranges
                0x0000000000000090       0x30 obj/Debug/POKITTO_SIM/PokittoClock.o
 .debug_aranges
                0x00000000000000c0       0x30 obj/Debug/POKITTO_SIM/PokittoSimButtons.o
 .debug_aranges
                0x00000000000000f0       0x30 obj/Debug/POKITTO_SIM/PokittoSimCore.o
 .debug_aranges
                0x0000000000000120       0x30 obj/Debug/POKITTO_SIM/PokittoSimulator.o

.debug_pubnames
 *(.debug_pubnames)

.debug_info     0x0000000000000000    0x14f51
 *(.debug_info .gnu.linkonce.wi.*)
 .debug_info    0x0000000000000000     0x1e15 obj/Debug/Hello.o
 .debug_info    0x0000000000001e15      0x43a obj/Debug/POKITTO_SIM/Makewav.o
 .debug_info    0x000000000000224f      0x163 obj/Debug/POKITTO_SIM/Pokitto_simport.o
 .debug_info    0x00000000000023b2     0x38d7 obj/Debug/POKITTO_SIM/PokittoClock.o
 .debug_info    0x0000000000005c89     0x4972 obj/Debug/POKITTO_SIM/PokittoSimButtons.o
 .debug_info    0x000000000000a5fb     0x3979 obj/Debug/POKITTO_SIM/PokittoSimCore.o
 .debug_info    0x000000000000df74     0x6fdd obj/Debug/POKITTO_SIM/PokittoSimulator.o

.debug_abbrev   0x0000000000000000     0x1a59
 *(.debug_abbrev)
 .debug_abbrev  0x0000000000000000      0x291 obj/Debug/Hello.o
 .debug_abbrev  0x0000000000000291       0xf5 obj/Debug/POKITTO_SIM/Makewav.o
 .debug_abbrev  0x0000000000000386       0x9a obj/Debug/POKITTO_SIM/Pokitto_simport.o
 .debug_abbrev  0x0000000000000420      0x3c4 obj/Debug/POKITTO_SIM/PokittoClock.o
 .debug_abbrev  0x00000000000007e4      0x5bc obj/Debug/POKITTO_SIM/PokittoSimButtons.o
 .debug_abbrev  0x0000000000000da0      0x39b obj/Debug/POKITTO_SIM/PokittoSimCore.o
 .debug_abbrev  0x000000000000113b      0x91e obj/Debug/POKITTO_SIM/PokittoSimulator.o

.debug_line     0x0000000000000000     0x14d2
 *(.debug_line .debug_line.* .debug_line_end)
 .debug_line    0x0000000000000000      0x177 obj/Debug/Hello.o
 .debug_line    0x0000000000000177      0x16b obj/Debug/POKITTO_SIM/Makewav.o
 .debug_line    0x00000000000002e2       0xe5 obj/Debug/POKITTO_SIM/Pokitto_simport.o
 .debug_line    0x00000000000003c7      0x26d obj/Debug/POKITTO_SIM/PokittoClock.o
 .debug_line    0x0000000000000634      0x542 obj/Debug/POKITTO_SIM/PokittoSimButtons.o
 .debug_line    0x0000000000000b76      0x28b obj/Debug/POKITTO_SIM/PokittoSimCore.o
 .debug_line    0x0000000000000e01      0x6d1 obj/Debug/POKITTO_SIM/PokittoSimulator.o

.debug_frame
 *(.debug_frame)

.debug_str      0x0000000000000000     0x99bf
 *(.debug_str)
 .debug_str     0x0000000000000000     0x2bad obj/Debug/Hello.o
                                       0x2c63 (size before relaxing)
 .debug_str     0x0000000000002bad      0x27a obj/Debug/POKITTO_SIM/Makewav.o
                                        0x39b (size before relaxing)
 .debug_str     0x0000000000002e27       0x5a obj/Debug/POKITTO_SIM/Pokitto_simport.o
                                        0x1e5 (size before relaxing)
 .debug_str     0x0000000000002e81     0x1f5b obj/Debug/POKITTO_SIM/PokittoClock.o
                                       0x4bba (size before relaxing)
 .debug_str     0x0000000000004ddc     0x1de2 obj/Debug/POKITTO_SIM/PokittoSimButtons.o
                                       0x445a (size before relaxing)
 .debug_str     0x0000000000006bbe       0x41 obj/Debug/POKITTO_SIM/PokittoSimCore.o
                                       0x4b7e (size before relaxing)
 .debug_str     0x0000000000006bff     0x2dc0 obj/Debug/POKITTO_SIM/PokittoSimulator.o
                                       0x63f1 (size before relaxing)

.debug_loc
 *(.debug_loc)

.debug_macinfo
 *(.debug_macinfo)

.debug_weaknames
 *(.debug_weaknames)

.debug_funcnames
 *(.debug_funcnames)

.debug_typenames
 *(.debug_typenames)

.debug_varnames
 *(.debug_varnames)

.debug_pubtypes
 *(.debug_pubtypes)

.debug_ranges
 *(.debug_ranges)

.debug_macro
 *(.debug_macro)

.gnu.attributes
 *(.gnu.attributes)

/DISCARD/
 *(.note.GNU-stack)
 *(.gnu_debuglink)
 *(.gnu.lto_*)
OUTPUT(bin/Debug/Pokitto_sim elf64-x86-64)
